
===========================================================================
report_checks -path_delay max (Setup)
============================================================================
======================= nom_ss_100C_1v60 Corner ===================================

Warning: corner.tcl line 67, unknown field nets.
Warning: corner.tcl line 67, report_checks -group_count is deprecated. Use -group_path_count instead.
Startpoint: enable (input port clocked by clk)
Endpoint: overflow (output port clocked by clk)
Path Group: clk
Path Type: max

Fanout         Cap        Slew       Delay        Time   Description
---------------------------------------------------------------------------------------------
                      0.150000    0.000000    0.000000   clock clk (rise edge)
                                  0.000000    0.000000   clock network delay (ideal)
                                  2.000000    2.000000 ^ input external delay
     4    0.016629    0.129056    0.085210    2.085210 ^ enable (in)
                      0.129056    0.000000    2.085210 ^ _19_/D (sky130_fd_sc_hd__and4_2)
     6    0.016078    0.205498    0.605775    2.690985 ^ _19_/X (sky130_fd_sc_hd__and4_2)
                      0.205498    0.000000    2.690985 ^ _23_/C (sky130_fd_sc_hd__and4_2)
     2    0.010002    0.159116    0.567165    3.258150 ^ _23_/X (sky130_fd_sc_hd__and4_2)
                      0.159116    0.000000    3.258150 ^ _24_/B (sky130_fd_sc_hd__and2_2)
     1    0.033442    0.295938    0.485051    3.743201 ^ _24_/X (sky130_fd_sc_hd__and2_2)
                      0.295938    0.000000    3.743201 ^ overflow (out)
                                              3.743201   data arrival time

                      0.150000   10.000000   10.000000   clock clk (rise edge)
                                  0.000000   10.000000   clock network delay (ideal)
                                 -0.250000    9.750000   clock uncertainty
                                  0.000000    9.750000   clock reconvergence pessimism
                                 -2.000000    7.750000   output external delay
                                              7.750000   data required time
---------------------------------------------------------------------------------------------
                                              7.750000   data required time
                                             -3.743201   data arrival time
---------------------------------------------------------------------------------------------
                                              4.006799   slack (MET)


Startpoint: enable (input port clocked by clk)
Endpoint: _40_ (rising edge-triggered flip-flop clocked by clk)
Path Group: clk
Path Type: max

Fanout         Cap        Slew       Delay        Time   Description
---------------------------------------------------------------------------------------------
                      0.150000    0.000000    0.000000   clock clk (rise edge)
                                  0.000000    0.000000   clock network delay (ideal)
                                  2.000000    2.000000 v input external delay
     4    0.015524    0.070907    0.047961    2.047961 v enable (in)
                      0.070907    0.000000    2.047961 v _19_/D (sky130_fd_sc_hd__and4_2)
     6    0.014911    0.131592    0.554684    2.602645 v _19_/X (sky130_fd_sc_hd__and4_2)
                      0.131592    0.000000    2.602645 v _30_/B (sky130_fd_sc_hd__or2_2)
     1    0.001353    0.101223    0.617860    3.220505 v _30_/X (sky130_fd_sc_hd__or2_2)
                      0.101223    0.000000    3.220505 v _31_/B (sky130_fd_sc_hd__and2_2)
     1    0.001838    0.066179    0.397267    3.617772 v _31_/X (sky130_fd_sc_hd__and2_2)
                      0.066179    0.000000    3.617772 v _40_/D (sky130_fd_sc_hd__dfrtp_2)
                                              3.617772   data arrival time

                      0.150000   10.000000   10.000000   clock clk (rise edge)
                                  0.000000   10.000000   clock network delay (ideal)
                                 -0.250000    9.750000   clock uncertainty
                                  0.000000    9.750000   clock reconvergence pessimism
                                              9.750000 ^ _40_/CLK (sky130_fd_sc_hd__dfrtp_2)
                                 -0.253695    9.496305   library setup time
                                              9.496305   data required time
---------------------------------------------------------------------------------------------
                                              9.496305   data required time
                                             -3.617772   data arrival time
---------------------------------------------------------------------------------------------
                                              5.878533   slack (MET)


Startpoint: enable (input port clocked by clk)
Endpoint: _42_ (rising edge-triggered flip-flop clocked by clk)
Path Group: clk
Path Type: max

Fanout         Cap        Slew       Delay        Time   Description
---------------------------------------------------------------------------------------------
                      0.150000    0.000000    0.000000   clock clk (rise edge)
                                  0.000000    0.000000   clock network delay (ideal)
                                  2.000000    2.000000 ^ input external delay
     4    0.016629    0.129056    0.085210    2.085210 ^ enable (in)
                      0.129056    0.000000    2.085210 ^ _19_/D (sky130_fd_sc_hd__and4_2)
     6    0.016078    0.205498    0.605775    2.690985 ^ _19_/X (sky130_fd_sc_hd__and4_2)
                      0.205498    0.000000    2.690985 ^ _22_/B (sky130_fd_sc_hd__and3_2)
     2    0.010060    0.137251    0.452797    3.143782 ^ _22_/X (sky130_fd_sc_hd__and3_2)
                      0.137251    0.000000    3.143782 ^ _34_/A_N (sky130_fd_sc_hd__and2b_2)
     1    0.001838    0.064397    0.453688    3.597470 v _34_/X (sky130_fd_sc_hd__and2b_2)
                      0.064397    0.000000    3.597470 v _42_/D (sky130_fd_sc_hd__dfrtp_2)
                                              3.597470   data arrival time

                      0.150000   10.000000   10.000000   clock clk (rise edge)
                                  0.000000   10.000000   clock network delay (ideal)
                                 -0.250000    9.750000   clock uncertainty
                                  0.000000    9.750000   clock reconvergence pessimism
                                              9.750000 ^ _42_/CLK (sky130_fd_sc_hd__dfrtp_2)
                                 -0.252952    9.497048   library setup time
                                              9.497048   data required time
---------------------------------------------------------------------------------------------
                                              9.497048   data required time
                                             -3.597470   data arrival time
---------------------------------------------------------------------------------------------
                                              5.899579   slack (MET)


Startpoint: enable (input port clocked by clk)
Endpoint: _44_ (rising edge-triggered flip-flop clocked by clk)
Path Group: clk
Path Type: max

Fanout         Cap        Slew       Delay        Time   Description
---------------------------------------------------------------------------------------------
                      0.150000    0.000000    0.000000   clock clk (rise edge)
                                  0.000000    0.000000   clock network delay (ideal)
                                  2.000000    2.000000 ^ input external delay
     4    0.016629    0.129056    0.085210    2.085210 ^ enable (in)
                      0.129056    0.000000    2.085210 ^ _19_/D (sky130_fd_sc_hd__and4_2)
     6    0.016078    0.205498    0.605775    2.690985 ^ _19_/X (sky130_fd_sc_hd__and4_2)
                      0.205498    0.000000    2.690985 ^ _23_/C (sky130_fd_sc_hd__and4_2)
     2    0.010002    0.159116    0.567165    3.258150 ^ _23_/X (sky130_fd_sc_hd__and4_2)
                      0.159116    0.000000    3.258150 ^ _36_/B (sky130_fd_sc_hd__xor2_2)
     1    0.001838    0.085617    0.133011    3.391160 v _36_/X (sky130_fd_sc_hd__xor2_2)
                      0.085617    0.000000    3.391160 v _44_/D (sky130_fd_sc_hd__dfrtp_2)
                                              3.391160   data arrival time

                      0.150000   10.000000   10.000000   clock clk (rise edge)
                                  0.000000   10.000000   clock network delay (ideal)
                                 -0.250000    9.750000   clock uncertainty
                                  0.000000    9.750000   clock reconvergence pessimism
                                              9.750000 ^ _44_/CLK (sky130_fd_sc_hd__dfrtp_2)
                                 -0.261804    9.488196   library setup time
                                              9.488196   data required time
---------------------------------------------------------------------------------------------
                                              9.488196   data required time
                                             -3.391160   data arrival time
---------------------------------------------------------------------------------------------
                                              6.097036   slack (MET)


Startpoint: enable (input port clocked by clk)
Endpoint: _43_ (rising edge-triggered flip-flop clocked by clk)
Path Group: clk
Path Type: max

Fanout         Cap        Slew       Delay        Time   Description
---------------------------------------------------------------------------------------------
                      0.150000    0.000000    0.000000   clock clk (rise edge)
                                  0.000000    0.000000   clock network delay (ideal)
                                  2.000000    2.000000 v input external delay
     4    0.015524    0.070907    0.047961    2.047961 v enable (in)
                      0.070907    0.000000    2.047961 v _19_/D (sky130_fd_sc_hd__and4_2)
     6    0.014911    0.131592    0.554684    2.602645 v _19_/X (sky130_fd_sc_hd__and4_2)
                      0.131592    0.000000    2.602645 v _22_/B (sky130_fd_sc_hd__and3_2)
     2    0.009451    0.105643    0.473408    3.076053 v _22_/X (sky130_fd_sc_hd__and3_2)
                      0.105643    0.000000    3.076053 v _35_/B (sky130_fd_sc_hd__xor2_2)
     1    0.001838    0.085663    0.256979    3.333032 v _35_/X (sky130_fd_sc_hd__xor2_2)
                      0.085663    0.000000    3.333032 v _43_/D (sky130_fd_sc_hd__dfrtp_2)
                                              3.333032   data arrival time

                      0.150000   10.000000   10.000000   clock clk (rise edge)
                                  0.000000   10.000000   clock network delay (ideal)
                                 -0.250000    9.750000   clock uncertainty
                                  0.000000    9.750000   clock reconvergence pessimism
                                              9.750000 ^ _43_/CLK (sky130_fd_sc_hd__dfrtp_2)
                                 -0.261823    9.488176   library setup time
                                              9.488176   data required time
---------------------------------------------------------------------------------------------
                                              9.488176   data required time
                                             -3.333032   data arrival time
---------------------------------------------------------------------------------------------
                                              6.155145   slack (MET)


Startpoint: enable (input port clocked by clk)
Endpoint: _41_ (rising edge-triggered flip-flop clocked by clk)
Path Group: clk
Path Type: max

Fanout         Cap        Slew       Delay        Time   Description
---------------------------------------------------------------------------------------------
                      0.150000    0.000000    0.000000   clock clk (rise edge)
                                  0.000000    0.000000   clock network delay (ideal)
                                  2.000000    2.000000 ^ input external delay
     4    0.016629    0.129056    0.085210    2.085210 ^ enable (in)
                      0.129056    0.000000    2.085210 ^ _19_/D (sky130_fd_sc_hd__and4_2)
     6    0.016078    0.205498    0.605775    2.690985 ^ _19_/X (sky130_fd_sc_hd__and4_2)
                      0.205498    0.000000    2.690985 ^ _20_/B (sky130_fd_sc_hd__nand2_2)
     2    0.009591    0.140576    0.181651    2.872636 v _20_/Y (sky130_fd_sc_hd__nand2_2)
                      0.140576    0.000000    2.872636 v _32_/B (sky130_fd_sc_hd__xnor2_2)
     1    0.001838    0.087828    0.244954    3.117590 v _32_/Y (sky130_fd_sc_hd__xnor2_2)
                      0.087828    0.000000    3.117590 v _41_/D (sky130_fd_sc_hd__dfrtp_2)
                                              3.117590   data arrival time

                      0.150000   10.000000   10.000000   clock clk (rise edge)
                                  0.000000   10.000000   clock network delay (ideal)
                                 -0.250000    9.750000   clock uncertainty
                                  0.000000    9.750000   clock reconvergence pessimism
                                              9.750000 ^ _41_/CLK (sky130_fd_sc_hd__dfrtp_2)
                                 -0.262726    9.487273   library setup time
                                              9.487273   data required time
---------------------------------------------------------------------------------------------
                                              9.487273   data required time
                                             -3.117590   data arrival time
---------------------------------------------------------------------------------------------
                                              6.369683   slack (MET)


Startpoint: _37_ (rising edge-triggered flip-flop clocked by clk)
Endpoint: count[0] (output port clocked by clk)
Path Group: clk
Path Type: max

Fanout         Cap        Slew       Delay        Time   Description
---------------------------------------------------------------------------------------------
                      0.150000    0.000000    0.000000   clock clk (rise edge)
                                  0.000000    0.000000   clock network delay (ideal)
                      0.150000    0.000000    0.000000 ^ _37_/CLK (sky130_fd_sc_hd__dfrtp_2)
     5    0.049289    0.270008    1.055859    1.055859 v _37_/Q (sky130_fd_sc_hd__dfrtp_2)
                      0.270008    0.000000    1.055859 v count[0] (out)
                                              1.055859   data arrival time

                      0.150000   10.000000   10.000000   clock clk (rise edge)
                                  0.000000   10.000000   clock network delay (ideal)
                                 -0.250000    9.750000   clock uncertainty
                                  0.000000    9.750000   clock reconvergence pessimism
                                 -2.000000    7.750000   output external delay
                                              7.750000   data required time
---------------------------------------------------------------------------------------------
                                              7.750000   data required time
                                             -1.055859   data arrival time
---------------------------------------------------------------------------------------------
                                              6.694141   slack (MET)


Startpoint: enable (input port clocked by clk)
Endpoint: _39_ (rising edge-triggered flip-flop clocked by clk)
Path Group: clk
Path Type: max

Fanout         Cap        Slew       Delay        Time   Description
---------------------------------------------------------------------------------------------
                      0.150000    0.000000    0.000000   clock clk (rise edge)
                                  0.000000    0.000000   clock network delay (ideal)
                                  2.000000    2.000000 ^ input external delay
     4    0.016629    0.129056    0.085210    2.085210 ^ enable (in)
                      0.129056    0.000000    2.085210 ^ _19_/D (sky130_fd_sc_hd__and4_2)
     6    0.016078    0.205498    0.605775    2.690985 ^ _19_/X (sky130_fd_sc_hd__and4_2)
                      0.205498    0.000000    2.690985 ^ _29_/A (sky130_fd_sc_hd__nor2_2)
     1    0.001838    0.050832    0.113205    2.804190 v _29_/Y (sky130_fd_sc_hd__nor2_2)
                      0.050832    0.000000    2.804190 v _39_/D (sky130_fd_sc_hd__dfrtp_2)
                                              2.804190   data arrival time

                      0.150000   10.000000   10.000000   clock clk (rise edge)
                                  0.000000   10.000000   clock network delay (ideal)
                                 -0.250000    9.750000   clock uncertainty
                                  0.000000    9.750000   clock reconvergence pessimism
                                              9.750000 ^ _39_/CLK (sky130_fd_sc_hd__dfrtp_2)
                                 -0.247292    9.502708   library setup time
                                              9.502708   data required time
---------------------------------------------------------------------------------------------
                                              9.502708   data required time
                                             -2.804190   data arrival time
---------------------------------------------------------------------------------------------
                                              6.698518   slack (MET)


Startpoint: _41_ (rising edge-triggered flip-flop clocked by clk)
Endpoint: count[4] (output port clocked by clk)
Path Group: clk
Path Type: max

Fanout         Cap        Slew       Delay        Time   Description
---------------------------------------------------------------------------------------------
                      0.150000    0.000000    0.000000   clock clk (rise edge)
                                  0.000000    0.000000   clock network delay (ideal)
                      0.150000    0.000000    0.000000 ^ _41_/CLK (sky130_fd_sc_hd__dfrtp_2)
     4    0.045517    0.255440    1.040979    1.040979 v _41_/Q (sky130_fd_sc_hd__dfrtp_2)
                      0.255440    0.000000    1.040979 v count[4] (out)
                                              1.040979   data arrival time

                      0.150000   10.000000   10.000000   clock clk (rise edge)
                                  0.000000   10.000000   clock network delay (ideal)
                                 -0.250000    9.750000   clock uncertainty
                                  0.000000    9.750000   clock reconvergence pessimism
                                 -2.000000    7.750000   output external delay
                                              7.750000   data required time
---------------------------------------------------------------------------------------------
                                              7.750000   data required time
                                             -1.040979   data arrival time
---------------------------------------------------------------------------------------------
                                              6.709021   slack (MET)


Startpoint: _40_ (rising edge-triggered flip-flop clocked by clk)
Endpoint: count[3] (output port clocked by clk)
Path Group: clk
Path Type: max

Fanout         Cap        Slew       Delay        Time   Description
---------------------------------------------------------------------------------------------
                      0.150000    0.000000    0.000000   clock clk (rise edge)
                                  0.000000    0.000000   clock network delay (ideal)
                      0.150000    0.000000    0.000000 ^ _40_/CLK (sky130_fd_sc_hd__dfrtp_2)
     6    0.044266    0.250609    1.036044    1.036044 v _40_/Q (sky130_fd_sc_hd__dfrtp_2)
                      0.250609    0.000000    1.036044 v count[3] (out)
                                              1.036044   data arrival time

                      0.150000   10.000000   10.000000   clock clk (rise edge)
                                  0.000000   10.000000   clock network delay (ideal)
                                 -0.250000    9.750000   clock uncertainty
                                  0.000000    9.750000   clock reconvergence pessimism
                                 -2.000000    7.750000   output external delay
                                              7.750000   data required time
---------------------------------------------------------------------------------------------
                                              7.750000   data required time
                                             -1.036044   data arrival time
---------------------------------------------------------------------------------------------
                                              6.713956   slack (MET)


Startpoint: _43_ (rising edge-triggered flip-flop clocked by clk)
Endpoint: count[6] (output port clocked by clk)
Path Group: clk
Path Type: max

Fanout         Cap        Slew       Delay        Time   Description
---------------------------------------------------------------------------------------------
                      0.150000    0.000000    0.000000   clock clk (rise edge)
                                  0.000000    0.000000   clock network delay (ideal)
                      0.150000    0.000000    0.000000 ^ _43_/CLK (sky130_fd_sc_hd__dfrtp_2)
     3    0.043607    0.248064    1.033445    1.033445 v _43_/Q (sky130_fd_sc_hd__dfrtp_2)
                      0.248064    0.000000    1.033445 v count[6] (out)
                                              1.033445   data arrival time

                      0.150000   10.000000   10.000000   clock clk (rise edge)
                                  0.000000   10.000000   clock network delay (ideal)
                                 -0.250000    9.750000   clock uncertainty
                                  0.000000    9.750000   clock reconvergence pessimism
                                 -2.000000    7.750000   output external delay
                                              7.750000   data required time
---------------------------------------------------------------------------------------------
                                              7.750000   data required time
                                             -1.033445   data arrival time
---------------------------------------------------------------------------------------------
                                              6.716556   slack (MET)


Startpoint: _44_ (rising edge-triggered flip-flop clocked by clk)
Endpoint: count[7] (output port clocked by clk)
Path Group: clk
Path Type: max

Fanout         Cap        Slew       Delay        Time   Description
---------------------------------------------------------------------------------------------
                      0.150000    0.000000    0.000000   clock clk (rise edge)
                                  0.000000    0.000000   clock network delay (ideal)
                      0.150000    0.000000    0.000000 ^ _44_/CLK (sky130_fd_sc_hd__dfrtp_2)
     3    0.043533    0.247778    1.033153    1.033153 v _44_/Q (sky130_fd_sc_hd__dfrtp_2)
                      0.247778    0.000000    1.033153 v count[7] (out)
                                              1.033153   data arrival time

                      0.150000   10.000000   10.000000   clock clk (rise edge)
                                  0.000000   10.000000   clock network delay (ideal)
                                 -0.250000    9.750000   clock uncertainty
                                  0.000000    9.750000   clock reconvergence pessimism
                                 -2.000000    7.750000   output external delay
                                              7.750000   data required time
---------------------------------------------------------------------------------------------
                                              7.750000   data required time
                                             -1.033153   data arrival time
---------------------------------------------------------------------------------------------
                                              6.716847   slack (MET)


Startpoint: _38_ (rising edge-triggered flip-flop clocked by clk)
Endpoint: count[1] (output port clocked by clk)
Path Group: clk
Path Type: max

Fanout         Cap        Slew       Delay        Time   Description
---------------------------------------------------------------------------------------------
                      0.150000    0.000000    0.000000   clock clk (rise edge)
                                  0.000000    0.000000   clock network delay (ideal)
                      0.150000    0.000000    0.000000 ^ _38_/CLK (sky130_fd_sc_hd__dfrtp_2)
     4    0.040497    0.236053    1.021176    1.021176 v _38_/Q (sky130_fd_sc_hd__dfrtp_2)
                      0.236053    0.000000    1.021176 v count[1] (out)
                                              1.021176   data arrival time

                      0.150000   10.000000   10.000000   clock clk (rise edge)
                                  0.000000   10.000000   clock network delay (ideal)
                                 -0.250000    9.750000   clock uncertainty
                                  0.000000    9.750000   clock reconvergence pessimism
                                 -2.000000    7.750000   output external delay
                                              7.750000   data required time
---------------------------------------------------------------------------------------------
                                              7.750000   data required time
                                             -1.021176   data arrival time
---------------------------------------------------------------------------------------------
                                              6.728824   slack (MET)


Startpoint: _39_ (rising edge-triggered flip-flop clocked by clk)
Endpoint: count[2] (output port clocked by clk)
Path Group: clk
Path Type: max

Fanout         Cap        Slew       Delay        Time   Description
---------------------------------------------------------------------------------------------
                      0.150000    0.000000    0.000000   clock clk (rise edge)
                                  0.000000    0.000000   clock network delay (ideal)
                      0.150000    0.000000    0.000000 ^ _39_/CLK (sky130_fd_sc_hd__dfrtp_2)
     3    0.039125    0.230754    1.015764    1.015764 v _39_/Q (sky130_fd_sc_hd__dfrtp_2)
                      0.230754    0.000000    1.015764 v count[2] (out)
                                              1.015764   data arrival time

                      0.150000   10.000000   10.000000   clock clk (rise edge)
                                  0.000000   10.000000   clock network delay (ideal)
                                 -0.250000    9.750000   clock uncertainty
                                  0.000000    9.750000   clock reconvergence pessimism
                                 -2.000000    7.750000   output external delay
                                              7.750000   data required time
---------------------------------------------------------------------------------------------
                                              7.750000   data required time
                                             -1.015764   data arrival time
---------------------------------------------------------------------------------------------
                                              6.734236   slack (MET)


Startpoint: _42_ (rising edge-triggered flip-flop clocked by clk)
Endpoint: count[5] (output port clocked by clk)
Path Group: clk
Path Type: max

Fanout         Cap        Slew       Delay        Time   Description
---------------------------------------------------------------------------------------------
                      0.150000    0.000000    0.000000   clock clk (rise edge)
                                  0.000000    0.000000   clock network delay (ideal)
                      0.150000    0.000000    0.000000 ^ _42_/CLK (sky130_fd_sc_hd__dfrtp_2)
     3    0.037028    0.222656    1.007492    1.007492 v _42_/Q (sky130_fd_sc_hd__dfrtp_2)
                      0.222656    0.000000    1.007492 v count[5] (out)
                                              1.007492   data arrival time

                      0.150000   10.000000   10.000000   clock clk (rise edge)
                                  0.000000   10.000000   clock network delay (ideal)
                                 -0.250000    9.750000   clock uncertainty
                                  0.000000    9.750000   clock reconvergence pessimism
                                 -2.000000    7.750000   output external delay
                                              7.750000   data required time
---------------------------------------------------------------------------------------------
                                              7.750000   data required time
                                             -1.007492   data arrival time
---------------------------------------------------------------------------------------------
                                              6.742508   slack (MET)


Startpoint: enable (input port clocked by clk)
Endpoint: _38_ (rising edge-triggered flip-flop clocked by clk)
Path Group: clk
Path Type: max

Fanout         Cap        Slew       Delay        Time   Description
---------------------------------------------------------------------------------------------
                      0.150000    0.000000    0.000000   clock clk (rise edge)
                                  0.000000    0.000000   clock network delay (ideal)
                                  2.000000    2.000000 ^ input external delay
     4    0.016629    0.129056    0.085210    2.085210 ^ enable (in)
                      0.129056    0.000000    2.085210 ^ _18_/C (sky130_fd_sc_hd__and3_2)
     2    0.009267    0.131826    0.431481    2.516691 ^ _18_/X (sky130_fd_sc_hd__and3_2)
                      0.131826    0.000000    2.516691 ^ _27_/A (sky130_fd_sc_hd__nor2_2)
     1    0.001838    0.039360    0.086336    2.603027 v _27_/Y (sky130_fd_sc_hd__nor2_2)
                      0.039360    0.000000    2.603027 v _38_/D (sky130_fd_sc_hd__dfrtp_2)
                                              2.603027   data arrival time

                      0.150000   10.000000   10.000000   clock clk (rise edge)
                                  0.000000   10.000000   clock network delay (ideal)
                                 -0.250000    9.750000   clock uncertainty
                                  0.000000    9.750000   clock reconvergence pessimism
                                              9.750000 ^ _38_/CLK (sky130_fd_sc_hd__dfrtp_2)
                                 -0.242507    9.507494   library setup time
                                              9.507494   data required time
---------------------------------------------------------------------------------------------
                                              9.507494   data required time
                                             -2.603027   data arrival time
---------------------------------------------------------------------------------------------
                                              6.904467   slack (MET)


Startpoint: enable (input port clocked by clk)
Endpoint: _37_ (rising edge-triggered flip-flop clocked by clk)
Path Group: clk
Path Type: max

Fanout         Cap        Slew       Delay        Time   Description
---------------------------------------------------------------------------------------------
                      0.150000    0.000000    0.000000   clock clk (rise edge)
                                  0.000000    0.000000   clock network delay (ideal)
                                  2.000000    2.000000 v input external delay
     4    0.015524    0.070907    0.047961    2.047961 v enable (in)
                      0.070907    0.000000    2.047961 v _25_/B (sky130_fd_sc_hd__xor2_2)
     1    0.001838    0.089506    0.243499    2.291460 v _25_/X (sky130_fd_sc_hd__xor2_2)
                      0.089506    0.000000    2.291460 v _37_/D (sky130_fd_sc_hd__dfrtp_2)
                                              2.291460   data arrival time

                      0.150000   10.000000   10.000000   clock clk (rise edge)
                                  0.000000   10.000000   clock network delay (ideal)
                                 -0.250000    9.750000   clock uncertainty
                                  0.000000    9.750000   clock reconvergence pessimism
                                              9.750000 ^ _37_/CLK (sky130_fd_sc_hd__dfrtp_2)
                                 -0.263426    9.486573   library setup time
                                              9.486573   data required time
---------------------------------------------------------------------------------------------
                                              9.486573   data required time
                                             -2.291460   data arrival time
---------------------------------------------------------------------------------------------
                                              7.195113   slack (MET)


Startpoint: rst_n (input port clocked by clk)
Endpoint: _37_ (recovery check against rising-edge clock clk)
Path Group: asynchronous
Path Type: max

Fanout         Cap        Slew       Delay        Time   Description
---------------------------------------------------------------------------------------------
                      0.150000    0.000000    0.000000   clock clk (rise edge)
                                  0.000000    0.000000   clock network delay (ideal)
                                  2.000000    2.000000 ^ input external delay
     8    0.026104    0.195172    0.132060    2.132060 ^ rst_n (in)
                      0.195172    0.000000    2.132060 ^ _37_/RESET_B (sky130_fd_sc_hd__dfrtp_2)
                                              2.132060   data arrival time

                      0.150000   10.000000   10.000000   clock clk (rise edge)
                                  0.000000   10.000000   clock network delay (ideal)
                                 -0.250000    9.750000   clock uncertainty
                                  0.000000    9.750000   clock reconvergence pessimism
                                              9.750000 ^ _37_/CLK (sky130_fd_sc_hd__dfrtp_2)
                                  0.418085   10.168085   library recovery time
                                             10.168085   data required time
---------------------------------------------------------------------------------------------
                                             10.168085   data required time
                                             -2.132060   data arrival time
---------------------------------------------------------------------------------------------
                                              8.036025   slack (MET)


Startpoint: rst_n (input port clocked by clk)
Endpoint: _38_ (recovery check against rising-edge clock clk)
Path Group: asynchronous
Path Type: max

Fanout         Cap        Slew       Delay        Time   Description
---------------------------------------------------------------------------------------------
                      0.150000    0.000000    0.000000   clock clk (rise edge)
                                  0.000000    0.000000   clock network delay (ideal)
                                  2.000000    2.000000 ^ input external delay
     8    0.026104    0.195172    0.132060    2.132060 ^ rst_n (in)
                      0.195172    0.000000    2.132060 ^ _38_/RESET_B (sky130_fd_sc_hd__dfrtp_2)
                                              2.132060   data arrival time

                      0.150000   10.000000   10.000000   clock clk (rise edge)
                                  0.000000   10.000000   clock network delay (ideal)
                                 -0.250000    9.750000   clock uncertainty
                                  0.000000    9.750000   clock reconvergence pessimism
                                              9.750000 ^ _38_/CLK (sky130_fd_sc_hd__dfrtp_2)
                                  0.418085   10.168085   library recovery time
                                             10.168085   data required time
---------------------------------------------------------------------------------------------
                                             10.168085   data required time
                                             -2.132060   data arrival time
---------------------------------------------------------------------------------------------
                                              8.036025   slack (MET)


Startpoint: rst_n (input port clocked by clk)
Endpoint: _39_ (recovery check against rising-edge clock clk)
Path Group: asynchronous
Path Type: max

Fanout         Cap        Slew       Delay        Time   Description
---------------------------------------------------------------------------------------------
                      0.150000    0.000000    0.000000   clock clk (rise edge)
                                  0.000000    0.000000   clock network delay (ideal)
                                  2.000000    2.000000 ^ input external delay
     8    0.026104    0.195172    0.132060    2.132060 ^ rst_n (in)
                      0.195172    0.000000    2.132060 ^ _39_/RESET_B (sky130_fd_sc_hd__dfrtp_2)
                                              2.132060   data arrival time

                      0.150000   10.000000   10.000000   clock clk (rise edge)
                                  0.000000   10.000000   clock network delay (ideal)
                                 -0.250000    9.750000   clock uncertainty
                                  0.000000    9.750000   clock reconvergence pessimism
                                              9.750000 ^ _39_/CLK (sky130_fd_sc_hd__dfrtp_2)
                                  0.418085   10.168085   library recovery time
                                             10.168085   data required time
---------------------------------------------------------------------------------------------
                                             10.168085   data required time
                                             -2.132060   data arrival time
---------------------------------------------------------------------------------------------
                                              8.036025   slack (MET)


Startpoint: rst_n (input port clocked by clk)
Endpoint: _40_ (recovery check against rising-edge clock clk)
Path Group: asynchronous
Path Type: max

Fanout         Cap        Slew       Delay        Time   Description
---------------------------------------------------------------------------------------------
                      0.150000    0.000000    0.000000   clock clk (rise edge)
                                  0.000000    0.000000   clock network delay (ideal)
                                  2.000000    2.000000 ^ input external delay
     8    0.026104    0.195172    0.132060    2.132060 ^ rst_n (in)
                      0.195172    0.000000    2.132060 ^ _40_/RESET_B (sky130_fd_sc_hd__dfrtp_2)
                                              2.132060   data arrival time

                      0.150000   10.000000   10.000000   clock clk (rise edge)
                                  0.000000   10.000000   clock network delay (ideal)
                                 -0.250000    9.750000   clock uncertainty
                                  0.000000    9.750000   clock reconvergence pessimism
                                              9.750000 ^ _40_/CLK (sky130_fd_sc_hd__dfrtp_2)
                                  0.418085   10.168085   library recovery time
                                             10.168085   data required time
---------------------------------------------------------------------------------------------
                                             10.168085   data required time
                                             -2.132060   data arrival time
---------------------------------------------------------------------------------------------
                                              8.036025   slack (MET)


Startpoint: rst_n (input port clocked by clk)
Endpoint: _41_ (recovery check against rising-edge clock clk)
Path Group: asynchronous
Path Type: max

Fanout         Cap        Slew       Delay        Time   Description
---------------------------------------------------------------------------------------------
                      0.150000    0.000000    0.000000   clock clk (rise edge)
                                  0.000000    0.000000   clock network delay (ideal)
                                  2.000000    2.000000 ^ input external delay
     8    0.026104    0.195172    0.132060    2.132060 ^ rst_n (in)
                      0.195172    0.000000    2.132060 ^ _41_/RESET_B (sky130_fd_sc_hd__dfrtp_2)
                                              2.132060   data arrival time

                      0.150000   10.000000   10.000000   clock clk (rise edge)
                                  0.000000   10.000000   clock network delay (ideal)
                                 -0.250000    9.750000   clock uncertainty
                                  0.000000    9.750000   clock reconvergence pessimism
                                              9.750000 ^ _41_/CLK (sky130_fd_sc_hd__dfrtp_2)
                                  0.418085   10.168085   library recovery time
                                             10.168085   data required time
---------------------------------------------------------------------------------------------
                                             10.168085   data required time
                                             -2.132060   data arrival time
---------------------------------------------------------------------------------------------
                                              8.036025   slack (MET)


Startpoint: rst_n (input port clocked by clk)
Endpoint: _42_ (recovery check against rising-edge clock clk)
Path Group: asynchronous
Path Type: max

Fanout         Cap        Slew       Delay        Time   Description
---------------------------------------------------------------------------------------------
                      0.150000    0.000000    0.000000   clock clk (rise edge)
                                  0.000000    0.000000   clock network delay (ideal)
                                  2.000000    2.000000 ^ input external delay
     8    0.026104    0.195172    0.132060    2.132060 ^ rst_n (in)
                      0.195172    0.000000    2.132060 ^ _42_/RESET_B (sky130_fd_sc_hd__dfrtp_2)
                                              2.132060   data arrival time

                      0.150000   10.000000   10.000000   clock clk (rise edge)
                                  0.000000   10.000000   clock network delay (ideal)
                                 -0.250000    9.750000   clock uncertainty
                                  0.000000    9.750000   clock reconvergence pessimism
                                              9.750000 ^ _42_/CLK (sky130_fd_sc_hd__dfrtp_2)
                                  0.418085   10.168085   library recovery time
                                             10.168085   data required time
---------------------------------------------------------------------------------------------
                                             10.168085   data required time
                                             -2.132060   data arrival time
---------------------------------------------------------------------------------------------
                                              8.036025   slack (MET)


Startpoint: rst_n (input port clocked by clk)
Endpoint: _43_ (recovery check against rising-edge clock clk)
Path Group: asynchronous
Path Type: max

Fanout         Cap        Slew       Delay        Time   Description
---------------------------------------------------------------------------------------------
                      0.150000    0.000000    0.000000   clock clk (rise edge)
                                  0.000000    0.000000   clock network delay (ideal)
                                  2.000000    2.000000 ^ input external delay
     8    0.026104    0.195172    0.132060    2.132060 ^ rst_n (in)
                      0.195172    0.000000    2.132060 ^ _43_/RESET_B (sky130_fd_sc_hd__dfrtp_2)
                                              2.132060   data arrival time

                      0.150000   10.000000   10.000000   clock clk (rise edge)
                                  0.000000   10.000000   clock network delay (ideal)
                                 -0.250000    9.750000   clock uncertainty
                                  0.000000    9.750000   clock reconvergence pessimism
                                              9.750000 ^ _43_/CLK (sky130_fd_sc_hd__dfrtp_2)
                                  0.418085   10.168085   library recovery time
                                             10.168085   data required time
---------------------------------------------------------------------------------------------
                                             10.168085   data required time
                                             -2.132060   data arrival time
---------------------------------------------------------------------------------------------
                                              8.036025   slack (MET)


Startpoint: rst_n (input port clocked by clk)
Endpoint: _44_ (recovery check against rising-edge clock clk)
Path Group: asynchronous
Path Type: max

Fanout         Cap        Slew       Delay        Time   Description
---------------------------------------------------------------------------------------------
                      0.150000    0.000000    0.000000   clock clk (rise edge)
                                  0.000000    0.000000   clock network delay (ideal)
                                  2.000000    2.000000 ^ input external delay
     8    0.026104    0.195172    0.132060    2.132060 ^ rst_n (in)
                      0.195172    0.000000    2.132060 ^ _44_/RESET_B (sky130_fd_sc_hd__dfrtp_2)
                                              2.132060   data arrival time

                      0.150000   10.000000   10.000000   clock clk (rise edge)
                                  0.000000   10.000000   clock network delay (ideal)
                                 -0.250000    9.750000   clock uncertainty
                                  0.000000    9.750000   clock reconvergence pessimism
                                              9.750000 ^ _44_/CLK (sky130_fd_sc_hd__dfrtp_2)
                                  0.418085   10.168085   library recovery time
                                             10.168085   data required time
---------------------------------------------------------------------------------------------
                                             10.168085   data required time
                                             -2.132060   data arrival time
---------------------------------------------------------------------------------------------
                                              8.036025   slack (MET)



