
===========================================================================
report_checks -path_delay min (Hold)
============================================================================
======================= nom_tt_025C_1v80 Corner ===================================

Startpoint: _44_ (rising edge-triggered flip-flop clocked by clk)
Endpoint: _44_ (rising edge-triggered flip-flop clocked by clk)
Path Group: clk
Path Type: min

Fanout         Cap        Slew       Delay        Time   Description
---------------------------------------------------------------------------------------------
                                  0.000000    0.000000   clock clk (rise edge)
                                  0.000000    0.000000   clock source latency
     8    0.026538    0.124832    0.086097    0.086097 ^ clk (in)
                      0.124834    0.000000    0.086097 ^ _44_/CLK (sky130_fd_sc_hd__dfrtp_4)
     3    0.042997    0.147017    0.515759    0.601857 ^ _44_/Q (sky130_fd_sc_hd__dfrtp_4)
                      0.147017    0.000023    0.601879 ^ _36_/A (sky130_fd_sc_hd__xor2_1)
     1    0.002061    0.033832    0.079796    0.681675 v _36_/X (sky130_fd_sc_hd__xor2_1)
                      0.033832    0.000001    0.681676 v _44_/D (sky130_fd_sc_hd__dfrtp_4)
                                              0.681676   data arrival time

                                  0.000000    0.000000   clock clk (rise edge)
                                  0.000000    0.000000   clock source latency
     8    0.026538    0.124832    0.086097    0.086097 ^ clk (in)
                      0.124834    0.000000    0.086097 ^ _44_/CLK (sky130_fd_sc_hd__dfrtp_4)
                                  0.250000    0.336097   clock uncertainty
                                  0.000000    0.336097   clock reconvergence pessimism
                                 -0.019315    0.316782   library hold time
                                              0.316782   data required time
---------------------------------------------------------------------------------------------
                                              0.316782   data required time
                                             -0.681676   data arrival time
---------------------------------------------------------------------------------------------
                                              0.364894   slack (MET)


Startpoint: _43_ (rising edge-triggered flip-flop clocked by clk)
Endpoint: _43_ (rising edge-triggered flip-flop clocked by clk)
Path Group: clk
Path Type: min

Fanout         Cap        Slew       Delay        Time   Description
---------------------------------------------------------------------------------------------
                                  0.000000    0.000000   clock clk (rise edge)
                                  0.000000    0.000000   clock source latency
     8    0.026538    0.124832    0.085997    0.085997 ^ clk (in)
                      0.124833    0.000000    0.085997 ^ _43_/CLK (sky130_fd_sc_hd__dfrtp_4)
     3    0.043847    0.149212    0.517665    0.603662 ^ _43_/Q (sky130_fd_sc_hd__dfrtp_4)
                      0.149212    0.000038    0.603700 ^ _35_/A (sky130_fd_sc_hd__xor2_1)
     1    0.002395    0.035329    0.082385    0.686085 v _35_/X (sky130_fd_sc_hd__xor2_1)
                      0.035329    0.000004    0.686089 v _43_/D (sky130_fd_sc_hd__dfrtp_4)
                                              0.686089   data arrival time

                                  0.000000    0.000000   clock clk (rise edge)
                                  0.000000    0.000000   clock source latency
     8    0.026538    0.124832    0.085997    0.085997 ^ clk (in)
                      0.124833    0.000000    0.085997 ^ _43_/CLK (sky130_fd_sc_hd__dfrtp_4)
                                  0.250000    0.335997   clock uncertainty
                                  0.000000    0.335997   clock reconvergence pessimism
                                 -0.019921    0.316076   library hold time
                                              0.316076   data required time
---------------------------------------------------------------------------------------------
                                              0.316076   data required time
                                             -0.686089   data arrival time
---------------------------------------------------------------------------------------------
                                              0.370014   slack (MET)


Startpoint: _41_ (rising edge-triggered flip-flop clocked by clk)
Endpoint: _41_ (rising edge-triggered flip-flop clocked by clk)
Path Group: clk
Path Type: min

Fanout         Cap        Slew       Delay        Time   Description
---------------------------------------------------------------------------------------------
                                  0.000000    0.000000   clock clk (rise edge)
                                  0.000000    0.000000   clock source latency
     8    0.026538    0.124832    0.085944    0.085944 ^ clk (in)
                      0.124833    0.000000    0.085944 ^ _41_/CLK (sky130_fd_sc_hd__dfrtp_4)
     4    0.047301    0.158283    0.525174    0.611118 ^ _41_/Q (sky130_fd_sc_hd__dfrtp_4)
                      0.158283    0.000021    0.611139 ^ _32_/A (sky130_fd_sc_hd__xnor2_1)
     1    0.002056    0.031884    0.085712    0.696851 v _32_/Y (sky130_fd_sc_hd__xnor2_1)
                      0.031884    0.000000    0.696852 v _41_/D (sky130_fd_sc_hd__dfrtp_4)
                                              0.696852   data arrival time

                                  0.000000    0.000000   clock clk (rise edge)
                                  0.000000    0.000000   clock source latency
     8    0.026538    0.124832    0.085944    0.085944 ^ clk (in)
                      0.124833    0.000000    0.085944 ^ _41_/CLK (sky130_fd_sc_hd__dfrtp_4)
                                  0.250000    0.335944   clock uncertainty
                                  0.000000    0.335944   clock reconvergence pessimism
                                 -0.018527    0.317417   library hold time
                                              0.317417   data required time
---------------------------------------------------------------------------------------------
                                              0.317417   data required time
                                             -0.696852   data arrival time
---------------------------------------------------------------------------------------------
                                              0.379435   slack (MET)


Startpoint: _37_ (rising edge-triggered flip-flop clocked by clk)
Endpoint: _37_ (rising edge-triggered flip-flop clocked by clk)
Path Group: clk
Path Type: min

Fanout         Cap        Slew       Delay        Time   Description
---------------------------------------------------------------------------------------------
                                  0.000000    0.000000   clock clk (rise edge)
                                  0.000000    0.000000   clock source latency
     8    0.026538    0.124832    0.086086    0.086086 ^ clk (in)
                      0.124834    0.000000    0.086086 ^ _37_/CLK (sky130_fd_sc_hd__dfrtp_4)
     5    0.048345    0.161047    0.527422    0.613508 ^ _37_/Q (sky130_fd_sc_hd__dfrtp_4)
                      0.161047    0.000226    0.613733 ^ _25_/A (sky130_fd_sc_hd__xor2_1)
     1    0.002222    0.034560    0.083232    0.696965 v _25_/X (sky130_fd_sc_hd__xor2_1)
                      0.034560    0.000002    0.696967 v _37_/D (sky130_fd_sc_hd__dfrtp_4)
                                              0.696967   data arrival time

                                  0.000000    0.000000   clock clk (rise edge)
                                  0.000000    0.000000   clock source latency
     8    0.026538    0.124832    0.086086    0.086086 ^ clk (in)
                      0.124834    0.000000    0.086086 ^ _37_/CLK (sky130_fd_sc_hd__dfrtp_4)
                                  0.250000    0.336086   clock uncertainty
                                  0.000000    0.336086   clock reconvergence pessimism
                                 -0.019610    0.316476   library hold time
                                              0.316476   data required time
---------------------------------------------------------------------------------------------
                                              0.316476   data required time
                                             -0.696967   data arrival time
---------------------------------------------------------------------------------------------
                                              0.380491   slack (MET)


Startpoint: _38_ (rising edge-triggered flip-flop clocked by clk)
Endpoint: _38_ (rising edge-triggered flip-flop clocked by clk)
Path Group: clk
Path Type: min

Fanout         Cap        Slew       Delay        Time   Description
---------------------------------------------------------------------------------------------
                                  0.000000    0.000000   clock clk (rise edge)
                                  0.000000    0.000000   clock source latency
     8    0.026538    0.124832    0.086052    0.086052 ^ clk (in)
                      0.124834    0.000000    0.086052 ^ _38_/CLK (sky130_fd_sc_hd__dfrtp_4)
     4    0.042915    0.146860    0.515467    0.601519 ^ _38_/Q (sky130_fd_sc_hd__dfrtp_4)
                      0.146860    0.000066    0.601585 ^ _26_/B1 (sky130_fd_sc_hd__a21oi_1)
     1    0.002594    0.040353    0.055808    0.657393 v _26_/Y (sky130_fd_sc_hd__a21oi_1)
                      0.040353    0.000005    0.657397 v _27_/B (sky130_fd_sc_hd__nor2_1)
     1    0.002534    0.073787    0.076394    0.733791 ^ _27_/Y (sky130_fd_sc_hd__nor2_1)
                      0.073787    0.000006    0.733797 ^ _38_/D (sky130_fd_sc_hd__dfrtp_4)
                                              0.733797   data arrival time

                                  0.000000    0.000000   clock clk (rise edge)
                                  0.000000    0.000000   clock source latency
     8    0.026538    0.124832    0.086052    0.086052 ^ clk (in)
                      0.124834    0.000000    0.086052 ^ _38_/CLK (sky130_fd_sc_hd__dfrtp_4)
                                  0.250000    0.336052   clock uncertainty
                                  0.000000    0.336052   clock reconvergence pessimism
                                 -0.029831    0.306221   library hold time
                                              0.306221   data required time
---------------------------------------------------------------------------------------------
                                              0.306221   data required time
                                             -0.733797   data arrival time
---------------------------------------------------------------------------------------------
                                              0.427576   slack (MET)


Startpoint: _39_ (rising edge-triggered flip-flop clocked by clk)
Endpoint: _39_ (rising edge-triggered flip-flop clocked by clk)
Path Group: clk
Path Type: min

Fanout         Cap        Slew       Delay        Time   Description
---------------------------------------------------------------------------------------------
                                  0.000000    0.000000   clock clk (rise edge)
                                  0.000000    0.000000   clock source latency
     8    0.026538    0.124832    0.086005    0.086005 ^ clk (in)
                      0.124833    0.000000    0.086005 ^ _39_/CLK (sky130_fd_sc_hd__dfrtp_4)
     3    0.041457    0.143066    0.512262    0.598267 ^ _39_/Q (sky130_fd_sc_hd__dfrtp_4)
                      0.143066    0.000007    0.598274 ^ _28_/A (sky130_fd_sc_hd__nor2_1)
     1    0.002637    0.027823    0.064430    0.662704 v _28_/Y (sky130_fd_sc_hd__nor2_1)
                      0.027823    0.000004    0.662709 v _29_/B (sky130_fd_sc_hd__nor2_1)
     1    0.002568    0.074397    0.072582    0.735291 ^ _29_/Y (sky130_fd_sc_hd__nor2_1)
                      0.074397    0.000005    0.735296 ^ _39_/D (sky130_fd_sc_hd__dfrtp_4)
                                              0.735296   data arrival time

                                  0.000000    0.000000   clock clk (rise edge)
                                  0.000000    0.000000   clock source latency
     8    0.026538    0.124832    0.086005    0.086005 ^ clk (in)
                      0.124833    0.000000    0.086005 ^ _39_/CLK (sky130_fd_sc_hd__dfrtp_4)
                                  0.250000    0.336005   clock uncertainty
                                  0.000000    0.336005   clock reconvergence pessimism
                                 -0.029958    0.306047   library hold time
                                              0.306047   data required time
---------------------------------------------------------------------------------------------
                                              0.306047   data required time
                                             -0.735296   data arrival time
---------------------------------------------------------------------------------------------
                                              0.429249   slack (MET)


Startpoint: _42_ (rising edge-triggered flip-flop clocked by clk)
Endpoint: _42_ (rising edge-triggered flip-flop clocked by clk)
Path Group: clk
Path Type: min

Fanout         Cap        Slew       Delay        Time   Description
---------------------------------------------------------------------------------------------
                                  0.000000    0.000000   clock clk (rise edge)
                                  0.000000    0.000000   clock source latency
     8    0.026538    0.124832    0.085987    0.085987 ^ clk (in)
                      0.124833    0.000000    0.085987 ^ _42_/CLK (sky130_fd_sc_hd__dfrtp_4)
     3    0.041733    0.143769    0.512905    0.598892 ^ _42_/Q (sky130_fd_sc_hd__dfrtp_4)
                      0.143769    0.000028    0.598920 ^ _33_/B1 (sky130_fd_sc_hd__a31o_1)
     1    0.002159    0.038676    0.109884    0.708804 ^ _33_/X (sky130_fd_sc_hd__a31o_1)
                      0.038676    0.000004    0.708808 ^ _34_/B (sky130_fd_sc_hd__and2b_1)
     1    0.002382    0.039354    0.107785    0.816593 ^ _34_/X (sky130_fd_sc_hd__and2b_1)
                      0.039354    0.000005    0.816598 ^ _42_/D (sky130_fd_sc_hd__dfrtp_4)
                                              0.816598   data arrival time

                                  0.000000    0.000000   clock clk (rise edge)
                                  0.000000    0.000000   clock source latency
     8    0.026538    0.124832    0.085987    0.085987 ^ clk (in)
                      0.124833    0.000000    0.085987 ^ _42_/CLK (sky130_fd_sc_hd__dfrtp_4)
                                  0.250000    0.335987   clock uncertainty
                                  0.000000    0.335987   clock reconvergence pessimism
                                 -0.022684    0.313304   library hold time
                                              0.313304   data required time
---------------------------------------------------------------------------------------------
                                              0.313304   data required time
                                             -0.816598   data arrival time
---------------------------------------------------------------------------------------------
                                              0.503294   slack (MET)


Startpoint: _40_ (rising edge-triggered flip-flop clocked by clk)
Endpoint: _40_ (rising edge-triggered flip-flop clocked by clk)
Path Group: clk
Path Type: min

Fanout         Cap        Slew       Delay        Time   Description
---------------------------------------------------------------------------------------------
                                  0.000000    0.000000   clock clk (rise edge)
                                  0.000000    0.000000   clock source latency
     8    0.026538    0.124832    0.085900    0.085900 ^ clk (in)
                      0.124833    0.000000    0.085900 ^ _40_/CLK (sky130_fd_sc_hd__dfrtp_4)
     6    0.048295    0.160727    0.527672    0.613572 ^ _40_/Q (sky130_fd_sc_hd__dfrtp_4)
                      0.160727    0.000003    0.613575 ^ _30_/A (sky130_fd_sc_hd__or2_1)
     1    0.001825    0.034235    0.117630    0.731205 ^ _30_/X (sky130_fd_sc_hd__or2_1)
                      0.034235    0.000002    0.731207 ^ _31_/B (sky130_fd_sc_hd__and2_1)
     1    0.002585    0.045612    0.109772    0.840979 ^ _31_/X (sky130_fd_sc_hd__and2_1)
                      0.045612    0.000006    0.840985 ^ _40_/D (sky130_fd_sc_hd__dfrtp_4)
                                              0.840985   data arrival time

                                  0.000000    0.000000   clock clk (rise edge)
                                  0.000000    0.000000   clock source latency
     8    0.026538    0.124832    0.085900    0.085900 ^ clk (in)
                      0.124833    0.000000    0.085900 ^ _40_/CLK (sky130_fd_sc_hd__dfrtp_4)
                                  0.250000    0.335900   clock uncertainty
                                  0.000000    0.335900   clock reconvergence pessimism
                                 -0.023983    0.311918   library hold time
                                              0.311918   data required time
---------------------------------------------------------------------------------------------
                                              0.311918   data required time
                                             -0.840985   data arrival time
---------------------------------------------------------------------------------------------
                                              0.529067   slack (MET)


Startpoint: rst_n (input port clocked by clk)
Endpoint: _38_ (removal check against rising-edge clock clk)
Path Group: asynchronous
Path Type: min

Fanout         Cap        Slew       Delay        Time   Description
---------------------------------------------------------------------------------------------
                                  0.000000    0.000000   clock clk (rise edge)
                                  0.000000    0.000000   clock network delay (propagated)
                                  2.000000    2.000000 ^ input external delay
     8    0.040698    0.187537    0.130065    2.130065 ^ rst_n (in)
                      0.187541    0.000000    2.130065 ^ _38_/RESET_B (sky130_fd_sc_hd__dfrtp_4)
                                              2.130065   data arrival time

                                  0.000000    0.000000   clock clk (rise edge)
                                  0.000000    0.000000   clock source latency
     8    0.026538    0.124832    0.086052    0.086052 ^ clk (in)
                      0.124834    0.000000    0.086052 ^ _38_/CLK (sky130_fd_sc_hd__dfrtp_4)
                                  0.250000    0.336052   clock uncertainty
                                  0.000000    0.336052   clock reconvergence pessimism
                                  0.381351    0.717403   library removal time
                                              0.717403   data required time
---------------------------------------------------------------------------------------------
                                              0.717403   data required time
                                             -2.130065   data arrival time
---------------------------------------------------------------------------------------------
                                              1.412662   slack (MET)


Startpoint: rst_n (input port clocked by clk)
Endpoint: _39_ (removal check against rising-edge clock clk)
Path Group: asynchronous
Path Type: min

Fanout         Cap        Slew       Delay        Time   Description
---------------------------------------------------------------------------------------------
                                  0.000000    0.000000   clock clk (rise edge)
                                  0.000000    0.000000   clock network delay (propagated)
                                  2.000000    2.000000 ^ input external delay
     8    0.040698    0.187537    0.130083    2.130083 ^ rst_n (in)
                      0.187541    0.000000    2.130083 ^ _39_/RESET_B (sky130_fd_sc_hd__dfrtp_4)
                                              2.130083   data arrival time

                                  0.000000    0.000000   clock clk (rise edge)
                                  0.000000    0.000000   clock source latency
     8    0.026538    0.124832    0.086005    0.086005 ^ clk (in)
                      0.124833    0.000000    0.086005 ^ _39_/CLK (sky130_fd_sc_hd__dfrtp_4)
                                  0.250000    0.336005   clock uncertainty
                                  0.000000    0.336005   clock reconvergence pessimism
                                  0.381351    0.717356   library removal time
                                              0.717356   data required time
---------------------------------------------------------------------------------------------
                                              0.717356   data required time
                                             -2.130083   data arrival time
---------------------------------------------------------------------------------------------
                                              1.412727   slack (MET)


Startpoint: rst_n (input port clocked by clk)
Endpoint: _37_ (removal check against rising-edge clock clk)
Path Group: asynchronous
Path Type: min

Fanout         Cap        Slew       Delay        Time   Description
---------------------------------------------------------------------------------------------
                                  0.000000    0.000000   clock clk (rise edge)
                                  0.000000    0.000000   clock network delay (propagated)
                                  2.000000    2.000000 ^ input external delay
     8    0.040698    0.187537    0.130201    2.130201 ^ rst_n (in)
                      0.187543    0.000000    2.130201 ^ _37_/RESET_B (sky130_fd_sc_hd__dfrtp_4)
                                              2.130201   data arrival time

                                  0.000000    0.000000   clock clk (rise edge)
                                  0.000000    0.000000   clock source latency
     8    0.026538    0.124832    0.086086    0.086086 ^ clk (in)
                      0.124834    0.000000    0.086086 ^ _37_/CLK (sky130_fd_sc_hd__dfrtp_4)
                                  0.250000    0.336086   clock uncertainty
                                  0.000000    0.336086   clock reconvergence pessimism
                                  0.381352    0.717438   library removal time
                                              0.717438   data required time
---------------------------------------------------------------------------------------------
                                              0.717438   data required time
                                             -2.130201   data arrival time
---------------------------------------------------------------------------------------------
                                              1.412763   slack (MET)


Startpoint: rst_n (input port clocked by clk)
Endpoint: _44_ (removal check against rising-edge clock clk)
Path Group: asynchronous
Path Type: min

Fanout         Cap        Slew       Delay        Time   Description
---------------------------------------------------------------------------------------------
                                  0.000000    0.000000   clock clk (rise edge)
                                  0.000000    0.000000   clock network delay (propagated)
                                  2.000000    2.000000 ^ input external delay
     8    0.040698    0.187537    0.130266    2.130266 ^ rst_n (in)
                      0.187544    0.000000    2.130266 ^ _44_/RESET_B (sky130_fd_sc_hd__dfrtp_4)
                                              2.130266   data arrival time

                                  0.000000    0.000000   clock clk (rise edge)
                                  0.000000    0.000000   clock source latency
     8    0.026538    0.124832    0.086097    0.086097 ^ clk (in)
                      0.124834    0.000000    0.086097 ^ _44_/CLK (sky130_fd_sc_hd__dfrtp_4)
                                  0.250000    0.336097   clock uncertainty
                                  0.000000    0.336097   clock reconvergence pessimism
                                  0.381352    0.717449   library removal time
                                              0.717449   data required time
---------------------------------------------------------------------------------------------
                                              0.717449   data required time
                                             -2.130266   data arrival time
---------------------------------------------------------------------------------------------
                                              1.412817   slack (MET)


Startpoint: rst_n (input port clocked by clk)
Endpoint: _41_ (removal check against rising-edge clock clk)
Path Group: asynchronous
Path Type: min

Fanout         Cap        Slew       Delay        Time   Description
---------------------------------------------------------------------------------------------
                                  0.000000    0.000000   clock clk (rise edge)
                                  0.000000    0.000000   clock network delay (propagated)
                                  2.000000    2.000000 ^ input external delay
     8    0.040698    0.187537    0.130181    2.130181 ^ rst_n (in)
                      0.187542    0.000000    2.130181 ^ _41_/RESET_B (sky130_fd_sc_hd__dfrtp_4)
                                              2.130181   data arrival time

                                  0.000000    0.000000   clock clk (rise edge)
                                  0.000000    0.000000   clock source latency
     8    0.026538    0.124832    0.085944    0.085944 ^ clk (in)
                      0.124833    0.000000    0.085944 ^ _41_/CLK (sky130_fd_sc_hd__dfrtp_4)
                                  0.250000    0.335944   clock uncertainty
                                  0.000000    0.335944   clock reconvergence pessimism
                                  0.381351    0.717295   library removal time
                                              0.717295   data required time
---------------------------------------------------------------------------------------------
                                              0.717295   data required time
                                             -2.130181   data arrival time
---------------------------------------------------------------------------------------------
                                              1.412886   slack (MET)


Startpoint: rst_n (input port clocked by clk)
Endpoint: _40_ (removal check against rising-edge clock clk)
Path Group: asynchronous
Path Type: min

Fanout         Cap        Slew       Delay        Time   Description
---------------------------------------------------------------------------------------------
                                  0.000000    0.000000   clock clk (rise edge)
                                  0.000000    0.000000   clock network delay (propagated)
                                  2.000000    2.000000 ^ input external delay
     8    0.040698    0.187537    0.130160    2.130160 ^ rst_n (in)
                      0.187542    0.000000    2.130160 ^ _40_/RESET_B (sky130_fd_sc_hd__dfrtp_4)
                                              2.130160   data arrival time

                                  0.000000    0.000000   clock clk (rise edge)
                                  0.000000    0.000000   clock source latency
     8    0.026538    0.124832    0.085900    0.085900 ^ clk (in)
                      0.124833    0.000000    0.085900 ^ _40_/CLK (sky130_fd_sc_hd__dfrtp_4)
                                  0.250000    0.335900   clock uncertainty
                                  0.000000    0.335900   clock reconvergence pessimism
                                  0.381351    0.717251   library removal time
                                              0.717251   data required time
---------------------------------------------------------------------------------------------
                                              0.717251   data required time
                                             -2.130160   data arrival time
---------------------------------------------------------------------------------------------
                                              1.412909   slack (MET)


Startpoint: rst_n (input port clocked by clk)
Endpoint: _43_ (removal check against rising-edge clock clk)
Path Group: asynchronous
Path Type: min

Fanout         Cap        Slew       Delay        Time   Description
---------------------------------------------------------------------------------------------
                                  0.000000    0.000000   clock clk (rise edge)
                                  0.000000    0.000000   clock network delay (propagated)
                                  2.000000    2.000000 ^ input external delay
     8    0.040698    0.187537    0.130349    2.130349 ^ rst_n (in)
                      0.187545    0.000000    2.130349 ^ _43_/RESET_B (sky130_fd_sc_hd__dfrtp_4)
                                              2.130349   data arrival time

                                  0.000000    0.000000   clock clk (rise edge)
                                  0.000000    0.000000   clock source latency
     8    0.026538    0.124832    0.085997    0.085997 ^ clk (in)
                      0.124833    0.000000    0.085997 ^ _43_/CLK (sky130_fd_sc_hd__dfrtp_4)
                                  0.250000    0.335997   clock uncertainty
                                  0.000000    0.335997   clock reconvergence pessimism
                                  0.381352    0.717349   library removal time
                                              0.717349   data required time
---------------------------------------------------------------------------------------------
                                              0.717349   data required time
                                             -2.130349   data arrival time
---------------------------------------------------------------------------------------------
                                              1.413000   slack (MET)


Startpoint: rst_n (input port clocked by clk)
Endpoint: _42_ (removal check against rising-edge clock clk)
Path Group: asynchronous
Path Type: min

Fanout         Cap        Slew       Delay        Time   Description
---------------------------------------------------------------------------------------------
                                  0.000000    0.000000   clock clk (rise edge)
                                  0.000000    0.000000   clock network delay (propagated)
                                  2.000000    2.000000 ^ input external delay
     8    0.040698    0.187537    0.130367    2.130367 ^ rst_n (in)
                      0.187545    0.000000    2.130367 ^ _42_/RESET_B (sky130_fd_sc_hd__dfrtp_4)
                                              2.130367   data arrival time

                                  0.000000    0.000000   clock clk (rise edge)
                                  0.000000    0.000000   clock source latency
     8    0.026538    0.124832    0.085987    0.085987 ^ clk (in)
                      0.124833    0.000000    0.085987 ^ _42_/CLK (sky130_fd_sc_hd__dfrtp_4)
                                  0.250000    0.335987   clock uncertainty
                                  0.000000    0.335987   clock reconvergence pessimism
                                  0.381352    0.717339   library removal time
                                              0.717339   data required time
---------------------------------------------------------------------------------------------
                                              0.717339   data required time
                                             -2.130367   data arrival time
---------------------------------------------------------------------------------------------
                                              1.413028   slack (MET)


Startpoint: _39_ (rising edge-triggered flip-flop clocked by clk)
Endpoint: count[2] (output port clocked by clk)
Path Group: clk
Path Type: min

Fanout         Cap        Slew       Delay        Time   Description
---------------------------------------------------------------------------------------------
                                  0.000000    0.000000   clock clk (rise edge)
                                  0.000000    0.000000   clock source latency
     8    0.026538    0.124832    0.086005    0.086005 ^ clk (in)
                      0.124833    0.000000    0.086005 ^ _39_/CLK (sky130_fd_sc_hd__dfrtp_4)
     3    0.041457    0.143066    0.512262    0.598267 ^ _39_/Q (sky130_fd_sc_hd__dfrtp_4)
                      0.143066    0.000464    0.598731 ^ count[2] (out)
                                              0.598731   data arrival time

                                  0.000000    0.000000   clock clk (rise edge)
                                  0.000000    0.000000   clock network delay (propagated)
                                  0.250000    0.250000   clock uncertainty
                                  0.000000    0.250000   clock reconvergence pessimism
                                 -2.000000   -1.750000   output external delay
                                             -1.750000   data required time
---------------------------------------------------------------------------------------------
                                             -1.750000   data required time
                                             -0.598731   data arrival time
---------------------------------------------------------------------------------------------
                                              2.348731   slack (MET)


Startpoint: _42_ (rising edge-triggered flip-flop clocked by clk)
Endpoint: count[5] (output port clocked by clk)
Path Group: clk
Path Type: min

Fanout         Cap        Slew       Delay        Time   Description
---------------------------------------------------------------------------------------------
                                  0.000000    0.000000   clock clk (rise edge)
                                  0.000000    0.000000   clock source latency
     8    0.026538    0.124832    0.085987    0.085987 ^ clk (in)
                      0.124833    0.000000    0.085987 ^ _42_/CLK (sky130_fd_sc_hd__dfrtp_4)
     3    0.041733    0.143769    0.512905    0.598892 ^ _42_/Q (sky130_fd_sc_hd__dfrtp_4)
                      0.143769    0.000428    0.599320 ^ count[5] (out)
                                              0.599320   data arrival time

                                  0.000000    0.000000   clock clk (rise edge)
                                  0.000000    0.000000   clock network delay (propagated)
                                  0.250000    0.250000   clock uncertainty
                                  0.000000    0.250000   clock reconvergence pessimism
                                 -2.000000   -1.750000   output external delay
                                             -1.750000   data required time
---------------------------------------------------------------------------------------------
                                             -1.750000   data required time
                                             -0.599320   data arrival time
---------------------------------------------------------------------------------------------
                                              2.349320   slack (MET)


Startpoint: _38_ (rising edge-triggered flip-flop clocked by clk)
Endpoint: count[1] (output port clocked by clk)
Path Group: clk
Path Type: min

Fanout         Cap        Slew       Delay        Time   Description
---------------------------------------------------------------------------------------------
                                  0.000000    0.000000   clock clk (rise edge)
                                  0.000000    0.000000   clock source latency
     8    0.026538    0.124832    0.086052    0.086052 ^ clk (in)
                      0.124834    0.000000    0.086052 ^ _38_/CLK (sky130_fd_sc_hd__dfrtp_4)
     4    0.042915    0.146860    0.515467    0.601519 ^ _38_/Q (sky130_fd_sc_hd__dfrtp_4)
                      0.146860    0.000583    0.602102 ^ count[1] (out)
                                              0.602102   data arrival time

                                  0.000000    0.000000   clock clk (rise edge)
                                  0.000000    0.000000   clock network delay (propagated)
                                  0.250000    0.250000   clock uncertainty
                                  0.000000    0.250000   clock reconvergence pessimism
                                 -2.000000   -1.750000   output external delay
                                             -1.750000   data required time
---------------------------------------------------------------------------------------------
                                             -1.750000   data required time
                                             -0.602102   data arrival time
---------------------------------------------------------------------------------------------
                                              2.352102   slack (MET)


Startpoint: _44_ (rising edge-triggered flip-flop clocked by clk)
Endpoint: count[7] (output port clocked by clk)
Path Group: clk
Path Type: min

Fanout         Cap        Slew       Delay        Time   Description
---------------------------------------------------------------------------------------------
                                  0.000000    0.000000   clock clk (rise edge)
                                  0.000000    0.000000   clock source latency
     8    0.026538    0.124832    0.086097    0.086097 ^ clk (in)
                      0.124834    0.000000    0.086097 ^ _44_/CLK (sky130_fd_sc_hd__dfrtp_4)
     3    0.042997    0.147017    0.515759    0.601857 ^ _44_/Q (sky130_fd_sc_hd__dfrtp_4)
                      0.147017    0.000413    0.602269 ^ count[7] (out)
                                              0.602269   data arrival time

                                  0.000000    0.000000   clock clk (rise edge)
                                  0.000000    0.000000   clock network delay (propagated)
                                  0.250000    0.250000   clock uncertainty
                                  0.000000    0.250000   clock reconvergence pessimism
                                 -2.000000   -1.750000   output external delay
                                             -1.750000   data required time
---------------------------------------------------------------------------------------------
                                             -1.750000   data required time
                                             -0.602269   data arrival time
---------------------------------------------------------------------------------------------
                                              2.352270   slack (MET)


Startpoint: _43_ (rising edge-triggered flip-flop clocked by clk)
Endpoint: count[6] (output port clocked by clk)
Path Group: clk
Path Type: min

Fanout         Cap        Slew       Delay        Time   Description
---------------------------------------------------------------------------------------------
                                  0.000000    0.000000   clock clk (rise edge)
                                  0.000000    0.000000   clock source latency
     8    0.026538    0.124832    0.085997    0.085997 ^ clk (in)
                      0.124833    0.000000    0.085997 ^ _43_/CLK (sky130_fd_sc_hd__dfrtp_4)
     3    0.043847    0.149212    0.517665    0.603662 ^ _43_/Q (sky130_fd_sc_hd__dfrtp_4)
                      0.149212    0.000421    0.604083 ^ count[6] (out)
                                              0.604083   data arrival time

                                  0.000000    0.000000   clock clk (rise edge)
                                  0.000000    0.000000   clock network delay (propagated)
                                  0.250000    0.250000   clock uncertainty
                                  0.000000    0.250000   clock reconvergence pessimism
                                 -2.000000   -1.750000   output external delay
                                             -1.750000   data required time
---------------------------------------------------------------------------------------------
                                             -1.750000   data required time
                                             -0.604083   data arrival time
---------------------------------------------------------------------------------------------
                                              2.354083   slack (MET)


Startpoint: _41_ (rising edge-triggered flip-flop clocked by clk)
Endpoint: count[4] (output port clocked by clk)
Path Group: clk
Path Type: min

Fanout         Cap        Slew       Delay        Time   Description
---------------------------------------------------------------------------------------------
                                  0.000000    0.000000   clock clk (rise edge)
                                  0.000000    0.000000   clock source latency
     8    0.026538    0.124832    0.085944    0.085944 ^ clk (in)
                      0.124833    0.000000    0.085944 ^ _41_/CLK (sky130_fd_sc_hd__dfrtp_4)
     4    0.047301    0.158283    0.525174    0.611118 ^ _41_/Q (sky130_fd_sc_hd__dfrtp_4)
                      0.158286    0.000898    0.612016 ^ count[4] (out)
                                              0.612016   data arrival time

                                  0.000000    0.000000   clock clk (rise edge)
                                  0.000000    0.000000   clock network delay (propagated)
                                  0.250000    0.250000   clock uncertainty
                                  0.000000    0.250000   clock reconvergence pessimism
                                 -2.000000   -1.750000   output external delay
                                             -1.750000   data required time
---------------------------------------------------------------------------------------------
                                             -1.750000   data required time
                                             -0.612016   data arrival time
---------------------------------------------------------------------------------------------
                                              2.362016   slack (MET)


Startpoint: _40_ (rising edge-triggered flip-flop clocked by clk)
Endpoint: count[3] (output port clocked by clk)
Path Group: clk
Path Type: min

Fanout         Cap        Slew       Delay        Time   Description
---------------------------------------------------------------------------------------------
                                  0.000000    0.000000   clock clk (rise edge)
                                  0.000000    0.000000   clock source latency
     8    0.026538    0.124832    0.085900    0.085900 ^ clk (in)
                      0.124833    0.000000    0.085900 ^ _40_/CLK (sky130_fd_sc_hd__dfrtp_4)
     6    0.048295    0.160727    0.527672    0.613572 ^ _40_/Q (sky130_fd_sc_hd__dfrtp_4)
                      0.160727    0.000425    0.613997 ^ count[3] (out)
                                              0.613997   data arrival time

                                  0.000000    0.000000   clock clk (rise edge)
                                  0.000000    0.000000   clock network delay (propagated)
                                  0.250000    0.250000   clock uncertainty
                                  0.000000    0.250000   clock reconvergence pessimism
                                 -2.000000   -1.750000   output external delay
                                             -1.750000   data required time
---------------------------------------------------------------------------------------------
                                             -1.750000   data required time
                                             -0.613997   data arrival time
---------------------------------------------------------------------------------------------
                                              2.363997   slack (MET)


Startpoint: _37_ (rising edge-triggered flip-flop clocked by clk)
Endpoint: count[0] (output port clocked by clk)
Path Group: clk
Path Type: min

Fanout         Cap        Slew       Delay        Time   Description
---------------------------------------------------------------------------------------------
                                  0.000000    0.000000   clock clk (rise edge)
                                  0.000000    0.000000   clock source latency
     8    0.026538    0.124832    0.086086    0.086086 ^ clk (in)
                      0.124834    0.000000    0.086086 ^ _37_/CLK (sky130_fd_sc_hd__dfrtp_4)
     5    0.048345    0.161047    0.527422    0.613508 ^ _37_/Q (sky130_fd_sc_hd__dfrtp_4)
                      0.161051    0.001025    0.614533 ^ count[0] (out)
                                              0.614533   data arrival time

                                  0.000000    0.000000   clock clk (rise edge)
                                  0.000000    0.000000   clock network delay (propagated)
                                  0.250000    0.250000   clock uncertainty
                                  0.000000    0.250000   clock reconvergence pessimism
                                 -2.000000   -1.750000   output external delay
                                             -1.750000   data required time
---------------------------------------------------------------------------------------------
                                             -1.750000   data required time
                                             -0.614533   data arrival time
---------------------------------------------------------------------------------------------
                                              2.364533   slack (MET)


Startpoint: _44_ (rising edge-triggered flip-flop clocked by clk)
Endpoint: overflow (output port clocked by clk)
Path Group: clk
Path Type: min

Fanout         Cap        Slew       Delay        Time   Description
---------------------------------------------------------------------------------------------
                                  0.000000    0.000000   clock clk (rise edge)
                                  0.000000    0.000000   clock source latency
     8    0.026538    0.124832    0.086097    0.086097 ^ clk (in)
                      0.124834    0.000000    0.086097 ^ _44_/CLK (sky130_fd_sc_hd__dfrtp_4)
     3    0.042997    0.147017    0.515759    0.601857 ^ _44_/Q (sky130_fd_sc_hd__dfrtp_4)
                      0.147017    0.000020    0.601877 ^ _24_/A (sky130_fd_sc_hd__and2_2)
     1    0.036406    0.190889    0.282813    0.884689 ^ _24_/X (sky130_fd_sc_hd__and2_2)
                      0.190889    0.000447    0.885136 ^ overflow (out)
                                              0.885136   data arrival time

                                  0.000000    0.000000   clock clk (rise edge)
                                  0.000000    0.000000   clock network delay (propagated)
                                  0.250000    0.250000   clock uncertainty
                                  0.000000    0.250000   clock reconvergence pessimism
                                 -2.000000   -1.750000   output external delay
                                             -1.750000   data required time
---------------------------------------------------------------------------------------------
                                             -1.750000   data required time
                                             -0.885136   data arrival time
---------------------------------------------------------------------------------------------
                                              2.635136   slack (MET)



