
===========================================================================
 report_power
============================================================================
======================= min_tt_025C_1v80 Corner ===================================

Group                    Internal    Switching      Leakage        Total
                            Power        Power        Power        Power (Watts)
------------------------------------------------------------------------
Sequential           5.282869e-05 2.632344e-05 9.044280e-11 7.915223e-05  32.2%
Combinational        3.600849e-05 5.909223e-05 1.273555e-10 9.510086e-05  38.7%
Clock                5.559837e-05 1.601995e-05 2.030971e-09 7.162035e-05  29.1%
Macro                0.000000e+00 0.000000e+00 0.000000e+00 0.000000e+00   0.0%
Pad                  0.000000e+00 0.000000e+00 0.000000e+00 0.000000e+00   0.0%
------------------------------------------------------------------------
Total                1.444356e-04 1.014356e-04 2.248770e-09 2.458734e-04 100.0%
                            58.7%        41.3%         0.0%

