
===========================================================================
report_checks -path_delay max (Setup)
============================================================================
======================= nom_tt_025C_1v80 Corner ===================================

Startpoint: enable (input port clocked by clk)
Endpoint: overflow (output port clocked by clk)
Path Group: clk
Path Type: max

Fanout         Cap        Slew       Delay        Time   Description
---------------------------------------------------------------------------------------------
                                  0.000000    0.000000   clock clk (rise edge)
                                  0.000000    0.000000   clock network delay (propagated)
                                  2.000000    2.000000 ^ input external delay
     1    0.003007    0.020624    0.011021    2.011021 ^ enable (in)
                      0.020624    0.000000    2.011021 ^ input1/A (sky130_fd_sc_hd__buf_1)
     4    0.013130    0.160170    0.153858    2.164879 ^ input1/X (sky130_fd_sc_hd__buf_1)
                      0.160170    0.000184    2.165063 ^ _19_/D (sky130_fd_sc_hd__and4_1)
     6    0.017674    0.181516    0.314161    2.479224 ^ _19_/X (sky130_fd_sc_hd__and4_1)
                      0.181516    0.000078    2.479302 ^ _23_/C (sky130_fd_sc_hd__and4_1)
     2    0.007711    0.096644    0.247534    2.726837 ^ _23_/X (sky130_fd_sc_hd__and4_1)
                      0.096644    0.000048    2.726885 ^ _24_/B (sky130_fd_sc_hd__and2_1)
     1    0.004224    0.058240    0.139660    2.866545 ^ _24_/X (sky130_fd_sc_hd__and2_1)
                      0.058240    0.000032    2.866577 ^ output11/A (sky130_fd_sc_hd__buf_2)
     1    0.034057    0.169122    0.202661    3.069238 ^ output11/X (sky130_fd_sc_hd__buf_2)
                      0.169122    0.000097    3.069335 ^ overflow (out)
                                              3.069335   data arrival time

                                 10.000000   10.000000   clock clk (rise edge)
                                  0.000000   10.000000   clock network delay (propagated)
                                 -0.250000    9.750000   clock uncertainty
                                  0.000000    9.750000   clock reconvergence pessimism
                                 -2.000000    7.750000   output external delay
                                              7.750000   data required time
---------------------------------------------------------------------------------------------
                                              7.750000   data required time
                                             -3.069335   data arrival time
---------------------------------------------------------------------------------------------
                                              4.680666   slack (MET)


Startpoint: _40_ (rising edge-triggered flip-flop clocked by clk)
Endpoint: count[3] (output port clocked by clk)
Path Group: clk
Path Type: max

Fanout         Cap        Slew       Delay        Time   Description
---------------------------------------------------------------------------------------------
                                  0.000000    0.000000   clock clk (rise edge)
                                  0.000000    0.000000   clock source latency
     1    0.012752    0.063443    0.042958    0.042958 ^ clk (in)
                      0.063445    0.000000    0.042958 ^ clkbuf_0_clk/A (sky130_fd_sc_hd__clkbuf_16)
     2    0.017453    0.039689    0.129785    0.172743 ^ clkbuf_0_clk/X (sky130_fd_sc_hd__clkbuf_16)
                      0.039689    0.000056    0.172799 ^ clkbuf_1_0__f_clk/A (sky130_fd_sc_hd__clkbuf_16)
     4    0.010641    0.033879    0.114567    0.287366 ^ clkbuf_1_0__f_clk/X (sky130_fd_sc_hd__clkbuf_16)
                      0.033879    0.000027    0.287393 ^ _40_/CLK (sky130_fd_sc_hd__dfrtp_1)
     6    0.016493    0.153497    0.398402    0.685795 ^ _40_/Q (sky130_fd_sc_hd__dfrtp_1)
                      0.153497    0.000020    0.685816 ^ output6/A (sky130_fd_sc_hd__buf_2)
     1    0.034110    0.169789    0.234888    0.920703 ^ output6/X (sky130_fd_sc_hd__buf_2)
                      0.169789    0.000111    0.920814 ^ count[3] (out)
                                              0.920814   data arrival time

                                 10.000000   10.000000   clock clk (rise edge)
                                  0.000000   10.000000   clock network delay (propagated)
                                 -0.250000    9.750000   clock uncertainty
                                  0.000000    9.750000   clock reconvergence pessimism
                                 -2.000000    7.750000   output external delay
                                              7.750000   data required time
---------------------------------------------------------------------------------------------
                                              7.750000   data required time
                                             -0.920814   data arrival time
---------------------------------------------------------------------------------------------
                                              6.829186   slack (MET)


Startpoint: _37_ (rising edge-triggered flip-flop clocked by clk)
Endpoint: count[0] (output port clocked by clk)
Path Group: clk
Path Type: max

Fanout         Cap        Slew       Delay        Time   Description
---------------------------------------------------------------------------------------------
                                  0.000000    0.000000   clock clk (rise edge)
                                  0.000000    0.000000   clock source latency
     1    0.012752    0.063443    0.042958    0.042958 ^ clk (in)
                      0.063445    0.000000    0.042958 ^ clkbuf_0_clk/A (sky130_fd_sc_hd__clkbuf_16)
     2    0.017453    0.039689    0.129785    0.172743 ^ clkbuf_0_clk/X (sky130_fd_sc_hd__clkbuf_16)
                      0.039689    0.000049    0.172792 ^ clkbuf_1_1__f_clk/A (sky130_fd_sc_hd__clkbuf_16)
     4    0.010669    0.033904    0.114594    0.287386 ^ clkbuf_1_1__f_clk/X (sky130_fd_sc_hd__clkbuf_16)
                      0.033904    0.000038    0.287423 ^ _37_/CLK (sky130_fd_sc_hd__dfrtp_1)
     5    0.011572    0.113072    0.368591    0.656015 ^ _37_/Q (sky130_fd_sc_hd__dfrtp_1)
                      0.113072    0.000065    0.656080 ^ output3/A (sky130_fd_sc_hd__buf_2)
     1    0.034296    0.170576    0.223592    0.879672 ^ output3/X (sky130_fd_sc_hd__buf_2)
                      0.170576    0.000191    0.879863 ^ count[0] (out)
                                              0.879863   data arrival time

                                 10.000000   10.000000   clock clk (rise edge)
                                  0.000000   10.000000   clock network delay (propagated)
                                 -0.250000    9.750000   clock uncertainty
                                  0.000000    9.750000   clock reconvergence pessimism
                                 -2.000000    7.750000   output external delay
                                              7.750000   data required time
---------------------------------------------------------------------------------------------
                                              7.750000   data required time
                                             -0.879863   data arrival time
---------------------------------------------------------------------------------------------
                                              6.870137   slack (MET)


Startpoint: _41_ (rising edge-triggered flip-flop clocked by clk)
Endpoint: count[4] (output port clocked by clk)
Path Group: clk
Path Type: max

Fanout         Cap        Slew       Delay        Time   Description
---------------------------------------------------------------------------------------------
                                  0.000000    0.000000   clock clk (rise edge)
                                  0.000000    0.000000   clock source latency
     1    0.012752    0.063443    0.042958    0.042958 ^ clk (in)
                      0.063445    0.000000    0.042958 ^ clkbuf_0_clk/A (sky130_fd_sc_hd__clkbuf_16)
     2    0.017453    0.039689    0.129785    0.172743 ^ clkbuf_0_clk/X (sky130_fd_sc_hd__clkbuf_16)
                      0.039689    0.000056    0.172799 ^ clkbuf_1_0__f_clk/A (sky130_fd_sc_hd__clkbuf_16)
     4    0.010641    0.033879    0.114567    0.287366 ^ clkbuf_1_0__f_clk/X (sky130_fd_sc_hd__clkbuf_16)
                      0.033879    0.000021    0.287388 ^ _41_/CLK (sky130_fd_sc_hd__dfrtp_1)
     4    0.011150    0.109619    0.366007    0.653395 ^ _41_/Q (sky130_fd_sc_hd__dfrtp_1)
                      0.109619    0.000087    0.653481 ^ output7/A (sky130_fd_sc_hd__buf_2)
     1    0.034504    0.171538    0.222981    0.876462 ^ output7/X (sky130_fd_sc_hd__buf_2)
                      0.171538    0.000235    0.876697 ^ count[4] (out)
                                              0.876697   data arrival time

                                 10.000000   10.000000   clock clk (rise edge)
                                  0.000000   10.000000   clock network delay (propagated)
                                 -0.250000    9.750000   clock uncertainty
                                  0.000000    9.750000   clock reconvergence pessimism
                                 -2.000000    7.750000   output external delay
                                              7.750000   data required time
---------------------------------------------------------------------------------------------
                                              7.750000   data required time
                                             -0.876697   data arrival time
---------------------------------------------------------------------------------------------
                                              6.873303   slack (MET)


Startpoint: _38_ (rising edge-triggered flip-flop clocked by clk)
Endpoint: count[1] (output port clocked by clk)
Path Group: clk
Path Type: max

Fanout         Cap        Slew       Delay        Time   Description
---------------------------------------------------------------------------------------------
                                  0.000000    0.000000   clock clk (rise edge)
                                  0.000000    0.000000   clock source latency
     1    0.012752    0.063443    0.042958    0.042958 ^ clk (in)
                      0.063445    0.000000    0.042958 ^ clkbuf_0_clk/A (sky130_fd_sc_hd__clkbuf_16)
     2    0.017453    0.039689    0.129785    0.172743 ^ clkbuf_0_clk/X (sky130_fd_sc_hd__clkbuf_16)
                      0.039689    0.000056    0.172799 ^ clkbuf_1_0__f_clk/A (sky130_fd_sc_hd__clkbuf_16)
     4    0.010641    0.033879    0.114567    0.287366 ^ clkbuf_1_0__f_clk/X (sky130_fd_sc_hd__clkbuf_16)
                      0.033879    0.000030    0.287396 ^ _38_/CLK (sky130_fd_sc_hd__dfrtp_1)
     4    0.010225    0.105084    0.360429    0.647825 ^ _38_/Q (sky130_fd_sc_hd__dfrtp_1)
                      0.105084    0.000042    0.647867 ^ output4/A (sky130_fd_sc_hd__buf_2)
     1    0.034006    0.169154    0.219760    0.867627 ^ output4/X (sky130_fd_sc_hd__buf_2)
                      0.169154    0.000086    0.867713 ^ count[1] (out)
                                              0.867713   data arrival time

                                 10.000000   10.000000   clock clk (rise edge)
                                  0.000000   10.000000   clock network delay (propagated)
                                 -0.250000    9.750000   clock uncertainty
                                  0.000000    9.750000   clock reconvergence pessimism
                                 -2.000000    7.750000   output external delay
                                              7.750000   data required time
---------------------------------------------------------------------------------------------
                                              7.750000   data required time
                                             -0.867713   data arrival time
---------------------------------------------------------------------------------------------
                                              6.882287   slack (MET)


Startpoint: _42_ (rising edge-triggered flip-flop clocked by clk)
Endpoint: count[5] (output port clocked by clk)
Path Group: clk
Path Type: max

Fanout         Cap        Slew       Delay        Time   Description
---------------------------------------------------------------------------------------------
                                  0.000000    0.000000   clock clk (rise edge)
                                  0.000000    0.000000   clock source latency
     1    0.012752    0.063443    0.042958    0.042958 ^ clk (in)
                      0.063445    0.000000    0.042958 ^ clkbuf_0_clk/A (sky130_fd_sc_hd__clkbuf_16)
     2    0.017453    0.039689    0.129785    0.172743 ^ clkbuf_0_clk/X (sky130_fd_sc_hd__clkbuf_16)
                      0.039689    0.000049    0.172792 ^ clkbuf_1_1__f_clk/A (sky130_fd_sc_hd__clkbuf_16)
     4    0.010669    0.033904    0.114594    0.287386 ^ clkbuf_1_1__f_clk/X (sky130_fd_sc_hd__clkbuf_16)
                      0.033904    0.000032    0.287418 ^ _42_/CLK (sky130_fd_sc_hd__dfrtp_1)
     3    0.009767    0.101325    0.357659    0.645077 ^ _42_/Q (sky130_fd_sc_hd__dfrtp_1)
                      0.101325    0.000030    0.645107 ^ output8/A (sky130_fd_sc_hd__buf_2)
     1    0.034057    0.169372    0.218536    0.863643 ^ output8/X (sky130_fd_sc_hd__buf_2)
                      0.169372    0.000097    0.863740 ^ count[5] (out)
                                              0.863740   data arrival time

                                 10.000000   10.000000   clock clk (rise edge)
                                  0.000000   10.000000   clock network delay (propagated)
                                 -0.250000    9.750000   clock uncertainty
                                  0.000000    9.750000   clock reconvergence pessimism
                                 -2.000000    7.750000   output external delay
                                              7.750000   data required time
---------------------------------------------------------------------------------------------
                                              7.750000   data required time
                                             -0.863740   data arrival time
---------------------------------------------------------------------------------------------
                                              6.886260   slack (MET)


Startpoint: _39_ (rising edge-triggered flip-flop clocked by clk)
Endpoint: count[2] (output port clocked by clk)
Path Group: clk
Path Type: max

Fanout         Cap        Slew       Delay        Time   Description
---------------------------------------------------------------------------------------------
                                  0.000000    0.000000   clock clk (rise edge)
                                  0.000000    0.000000   clock source latency
     1    0.012752    0.063443    0.042958    0.042958 ^ clk (in)
                      0.063445    0.000000    0.042958 ^ clkbuf_0_clk/A (sky130_fd_sc_hd__clkbuf_16)
     2    0.017453    0.039689    0.129785    0.172743 ^ clkbuf_0_clk/X (sky130_fd_sc_hd__clkbuf_16)
                      0.039689    0.000056    0.172799 ^ clkbuf_1_0__f_clk/A (sky130_fd_sc_hd__clkbuf_16)
     4    0.010641    0.033879    0.114567    0.287366 ^ clkbuf_1_0__f_clk/X (sky130_fd_sc_hd__clkbuf_16)
                      0.033879    0.000028    0.287395 ^ _39_/CLK (sky130_fd_sc_hd__dfrtp_1)
     3    0.008409    0.065593    0.379965    0.667360 v _39_/Q (sky130_fd_sc_hd__dfrtp_1)
                      0.065593    0.000030    0.667389 v output5/A (sky130_fd_sc_hd__buf_2)
     1    0.034093    0.088839    0.189390    0.856779 v output5/X (sky130_fd_sc_hd__buf_2)
                      0.088839    0.000107    0.856886 v count[2] (out)
                                              0.856886   data arrival time

                                 10.000000   10.000000   clock clk (rise edge)
                                  0.000000   10.000000   clock network delay (propagated)
                                 -0.250000    9.750000   clock uncertainty
                                  0.000000    9.750000   clock reconvergence pessimism
                                 -2.000000    7.750000   output external delay
                                              7.750000   data required time
---------------------------------------------------------------------------------------------
                                              7.750000   data required time
                                             -0.856886   data arrival time
---------------------------------------------------------------------------------------------
                                              6.893114   slack (MET)


Startpoint: _43_ (rising edge-triggered flip-flop clocked by clk)
Endpoint: count[6] (output port clocked by clk)
Path Group: clk
Path Type: max

Fanout         Cap        Slew       Delay        Time   Description
---------------------------------------------------------------------------------------------
                                  0.000000    0.000000   clock clk (rise edge)
                                  0.000000    0.000000   clock source latency
     1    0.012752    0.063443    0.042958    0.042958 ^ clk (in)
                      0.063445    0.000000    0.042958 ^ clkbuf_0_clk/A (sky130_fd_sc_hd__clkbuf_16)
     2    0.017453    0.039689    0.129785    0.172743 ^ clkbuf_0_clk/X (sky130_fd_sc_hd__clkbuf_16)
                      0.039689    0.000049    0.172792 ^ clkbuf_1_1__f_clk/A (sky130_fd_sc_hd__clkbuf_16)
     4    0.010669    0.033904    0.114594    0.287386 ^ clkbuf_1_1__f_clk/X (sky130_fd_sc_hd__clkbuf_16)
                      0.033904    0.000011    0.287396 ^ _43_/CLK (sky130_fd_sc_hd__dfrtp_1)
     3    0.007980    0.064341    0.377676    0.665072 v _43_/Q (sky130_fd_sc_hd__dfrtp_1)
                      0.064341    0.000020    0.665092 v output9/A (sky130_fd_sc_hd__buf_2)
     1    0.034109    0.088872    0.188847    0.853940 v output9/X (sky130_fd_sc_hd__buf_2)
                      0.088872    0.000109    0.854049 v count[6] (out)
                                              0.854049   data arrival time

                                 10.000000   10.000000   clock clk (rise edge)
                                  0.000000   10.000000   clock network delay (propagated)
                                 -0.250000    9.750000   clock uncertainty
                                  0.000000    9.750000   clock reconvergence pessimism
                                 -2.000000    7.750000   output external delay
                                              7.750000   data required time
---------------------------------------------------------------------------------------------
                                              7.750000   data required time
                                             -0.854049   data arrival time
---------------------------------------------------------------------------------------------
                                              6.895952   slack (MET)


Startpoint: _44_ (rising edge-triggered flip-flop clocked by clk)
Endpoint: count[7] (output port clocked by clk)
Path Group: clk
Path Type: max

Fanout         Cap        Slew       Delay        Time   Description
---------------------------------------------------------------------------------------------
                                  0.000000    0.000000   clock clk (rise edge)
                                  0.000000    0.000000   clock source latency
     1    0.012752    0.063443    0.042958    0.042958 ^ clk (in)
                      0.063445    0.000000    0.042958 ^ clkbuf_0_clk/A (sky130_fd_sc_hd__clkbuf_16)
     2    0.017453    0.039689    0.129785    0.172743 ^ clkbuf_0_clk/X (sky130_fd_sc_hd__clkbuf_16)
                      0.039689    0.000049    0.172792 ^ clkbuf_1_1__f_clk/A (sky130_fd_sc_hd__clkbuf_16)
     4    0.010669    0.033904    0.114594    0.287386 ^ clkbuf_1_1__f_clk/X (sky130_fd_sc_hd__clkbuf_16)
                      0.033904    0.000036    0.287421 ^ _44_/CLK (sky130_fd_sc_hd__dfrtp_1)
     3    0.007382    0.060576    0.374441    0.661862 v _44_/Q (sky130_fd_sc_hd__dfrtp_1)
                      0.060576    0.000026    0.661888 v output10/A (sky130_fd_sc_hd__buf_2)
     1    0.034126    0.088907    0.187163    0.849051 v output10/X (sky130_fd_sc_hd__buf_2)
                      0.088907    0.000113    0.849164 v count[7] (out)
                                              0.849164   data arrival time

                                 10.000000   10.000000   clock clk (rise edge)
                                  0.000000   10.000000   clock network delay (propagated)
                                 -0.250000    9.750000   clock uncertainty
                                  0.000000    9.750000   clock reconvergence pessimism
                                 -2.000000    7.750000   output external delay
                                              7.750000   data required time
---------------------------------------------------------------------------------------------
                                              7.750000   data required time
                                             -0.849164   data arrival time
---------------------------------------------------------------------------------------------
                                              6.900836   slack (MET)


Startpoint: enable (input port clocked by clk)
Endpoint: _42_ (rising edge-triggered flip-flop clocked by clk)
Path Group: clk
Path Type: max

Fanout         Cap        Slew       Delay        Time   Description
---------------------------------------------------------------------------------------------
                                  0.000000    0.000000   clock clk (rise edge)
                                  0.000000    0.000000   clock network delay (propagated)
                                  2.000000    2.000000 ^ input external delay
     1    0.003007    0.020624    0.011021    2.011021 ^ enable (in)
                      0.020624    0.000000    2.011021 ^ input1/A (sky130_fd_sc_hd__buf_1)
     4    0.013130    0.160170    0.153858    2.164879 ^ input1/X (sky130_fd_sc_hd__buf_1)
                      0.160170    0.000184    2.165063 ^ _19_/D (sky130_fd_sc_hd__and4_1)
     6    0.017674    0.181516    0.314161    2.479224 ^ _19_/X (sky130_fd_sc_hd__and4_1)
                      0.181516    0.000083    2.479307 ^ _22_/B (sky130_fd_sc_hd__and3_1)
     2    0.006979    0.088498    0.209097    2.688404 ^ _22_/X (sky130_fd_sc_hd__and3_1)
                      0.088498    0.000006    2.688409 ^ _34_/A_N (sky130_fd_sc_hd__and2b_1)
     1    0.002306    0.032533    0.177530    2.865940 v _34_/X (sky130_fd_sc_hd__and2b_1)
                      0.032533    0.000004    2.865944 v _42_/D (sky130_fd_sc_hd__dfrtp_1)
                                              2.865944   data arrival time

                                 10.000000   10.000000   clock clk (rise edge)
                                  0.000000   10.000000   clock source latency
     1    0.012752    0.063443    0.042958   10.042958 ^ clk (in)
                      0.063445    0.000000   10.042958 ^ clkbuf_0_clk/A (sky130_fd_sc_hd__clkbuf_16)
     2    0.017453    0.039689    0.129786   10.172744 ^ clkbuf_0_clk/X (sky130_fd_sc_hd__clkbuf_16)
                      0.039689    0.000048   10.172791 ^ clkbuf_1_1__f_clk/A (sky130_fd_sc_hd__clkbuf_16)
     4    0.010669    0.033904    0.114595   10.287386 ^ clkbuf_1_1__f_clk/X (sky130_fd_sc_hd__clkbuf_16)
                      0.033904    0.000032   10.287418 ^ _42_/CLK (sky130_fd_sc_hd__dfrtp_1)
                                 -0.250000   10.037418   clock uncertainty
                                  0.000000   10.037418   clock reconvergence pessimism
                                 -0.111370    9.926048   library setup time
                                              9.926048   data required time
---------------------------------------------------------------------------------------------
                                              9.926048   data required time
                                             -2.865944   data arrival time
---------------------------------------------------------------------------------------------
                                              7.060105   slack (MET)


Startpoint: enable (input port clocked by clk)
Endpoint: _44_ (rising edge-triggered flip-flop clocked by clk)
Path Group: clk
Path Type: max

Fanout         Cap        Slew       Delay        Time   Description
---------------------------------------------------------------------------------------------
                                  0.000000    0.000000   clock clk (rise edge)
                                  0.000000    0.000000   clock network delay (propagated)
                                  2.000000    2.000000 ^ input external delay
     1    0.003007    0.020624    0.011021    2.011021 ^ enable (in)
                      0.020624    0.000000    2.011021 ^ input1/A (sky130_fd_sc_hd__buf_1)
     4    0.013130    0.160170    0.153858    2.164879 ^ input1/X (sky130_fd_sc_hd__buf_1)
                      0.160170    0.000184    2.165063 ^ _19_/D (sky130_fd_sc_hd__and4_1)
     6    0.017674    0.181516    0.314161    2.479224 ^ _19_/X (sky130_fd_sc_hd__and4_1)
                      0.181516    0.000078    2.479302 ^ _23_/C (sky130_fd_sc_hd__and4_1)
     2    0.007711    0.096644    0.247534    2.726837 ^ _23_/X (sky130_fd_sc_hd__and4_1)
                      0.096644    0.000061    2.726897 ^ _36_/B (sky130_fd_sc_hd__xor2_1)
     1    0.002268    0.103892    0.139363    2.866260 ^ _36_/X (sky130_fd_sc_hd__xor2_1)
                      0.103892    0.000004    2.866263 ^ _44_/D (sky130_fd_sc_hd__dfrtp_1)
                                              2.866263   data arrival time

                                 10.000000   10.000000   clock clk (rise edge)
                                  0.000000   10.000000   clock source latency
     1    0.012752    0.063443    0.042958   10.042958 ^ clk (in)
                      0.063445    0.000000   10.042958 ^ clkbuf_0_clk/A (sky130_fd_sc_hd__clkbuf_16)
     2    0.017453    0.039689    0.129786   10.172744 ^ clkbuf_0_clk/X (sky130_fd_sc_hd__clkbuf_16)
                      0.039689    0.000048   10.172791 ^ clkbuf_1_1__f_clk/A (sky130_fd_sc_hd__clkbuf_16)
     4    0.010669    0.033904    0.114595   10.287386 ^ clkbuf_1_1__f_clk/X (sky130_fd_sc_hd__clkbuf_16)
                      0.033904    0.000036   10.287422 ^ _44_/CLK (sky130_fd_sc_hd__dfrtp_1)
                                 -0.250000   10.037422   clock uncertainty
                                  0.000000   10.037422   clock reconvergence pessimism
                                 -0.075132    9.962290   library setup time
                                              9.962290   data required time
---------------------------------------------------------------------------------------------
                                              9.962290   data required time
                                             -2.866263   data arrival time
---------------------------------------------------------------------------------------------
                                              7.096026   slack (MET)


Startpoint: enable (input port clocked by clk)
Endpoint: _43_ (rising edge-triggered flip-flop clocked by clk)
Path Group: clk
Path Type: max

Fanout         Cap        Slew       Delay        Time   Description
---------------------------------------------------------------------------------------------
                                  0.000000    0.000000   clock clk (rise edge)
                                  0.000000    0.000000   clock network delay (propagated)
                                  2.000000    2.000000 ^ input external delay
     1    0.003007    0.020624    0.011021    2.011021 ^ enable (in)
                      0.020624    0.000000    2.011021 ^ input1/A (sky130_fd_sc_hd__buf_1)
     4    0.013130    0.160170    0.153858    2.164879 ^ input1/X (sky130_fd_sc_hd__buf_1)
                      0.160170    0.000184    2.165063 ^ _19_/D (sky130_fd_sc_hd__and4_1)
     6    0.017674    0.181516    0.314161    2.479224 ^ _19_/X (sky130_fd_sc_hd__and4_1)
                      0.181516    0.000083    2.479307 ^ _22_/B (sky130_fd_sc_hd__and3_1)
     2    0.006979    0.088498    0.209097    2.688404 ^ _22_/X (sky130_fd_sc_hd__and3_1)
                      0.088498    0.000008    2.688412 ^ _35_/B (sky130_fd_sc_hd__xor2_1)
     1    0.002644    0.110868    0.142963    2.831375 ^ _35_/X (sky130_fd_sc_hd__xor2_1)
                      0.110868    0.000008    2.831382 ^ _43_/D (sky130_fd_sc_hd__dfrtp_1)
                                              2.831382   data arrival time

                                 10.000000   10.000000   clock clk (rise edge)
                                  0.000000   10.000000   clock source latency
     1    0.012752    0.063443    0.042958   10.042958 ^ clk (in)
                      0.063445    0.000000   10.042958 ^ clkbuf_0_clk/A (sky130_fd_sc_hd__clkbuf_16)
     2    0.017453    0.039689    0.129786   10.172744 ^ clkbuf_0_clk/X (sky130_fd_sc_hd__clkbuf_16)
                      0.039689    0.000048   10.172791 ^ clkbuf_1_1__f_clk/A (sky130_fd_sc_hd__clkbuf_16)
     4    0.010669    0.033904    0.114595   10.287386 ^ clkbuf_1_1__f_clk/X (sky130_fd_sc_hd__clkbuf_16)
                      0.033904    0.000011   10.287397 ^ _43_/CLK (sky130_fd_sc_hd__dfrtp_1)
                                 -0.250000   10.037397   clock uncertainty
                                  0.000000   10.037397   clock reconvergence pessimism
                                 -0.076747    9.960649   library setup time
                                              9.960649   data required time
---------------------------------------------------------------------------------------------
                                              9.960649   data required time
                                             -2.831382   data arrival time
---------------------------------------------------------------------------------------------
                                              7.129267   slack (MET)


Startpoint: enable (input port clocked by clk)
Endpoint: _40_ (rising edge-triggered flip-flop clocked by clk)
Path Group: clk
Path Type: max

Fanout         Cap        Slew       Delay        Time   Description
---------------------------------------------------------------------------------------------
                                  0.000000    0.000000   clock clk (rise edge)
                                  0.000000    0.000000   clock network delay (propagated)
                                  2.000000    2.000000 v input external delay
     1    0.002831    0.008704    0.004467    2.004467 v enable (in)
                      0.008704    0.000000    2.004467 v input1/A (sky130_fd_sc_hd__buf_1)
     4    0.012333    0.077368    0.114762    2.119230 v input1/X (sky130_fd_sc_hd__buf_1)
                      0.077368    0.000172    2.119401 v _19_/D (sky130_fd_sc_hd__and4_1)
     6    0.016729    0.094370    0.268377    2.387778 v _19_/X (sky130_fd_sc_hd__and4_1)
                      0.094370    0.000077    2.387855 v _30_/B (sky130_fd_sc_hd__or2_1)
     1    0.001571    0.041965    0.210391    2.598247 v _30_/X (sky130_fd_sc_hd__or2_1)
                      0.041965    0.000000    2.598248 v _31_/B (sky130_fd_sc_hd__and2_1)
     1    0.002373    0.034178    0.146172    2.744420 v _31_/X (sky130_fd_sc_hd__and2_1)
                      0.034178    0.000004    2.744424 v _40_/D (sky130_fd_sc_hd__dfrtp_1)
                                              2.744424   data arrival time

                                 10.000000   10.000000   clock clk (rise edge)
                                  0.000000   10.000000   clock source latency
     1    0.012752    0.063443    0.042958   10.042958 ^ clk (in)
                      0.063445    0.000000   10.042958 ^ clkbuf_0_clk/A (sky130_fd_sc_hd__clkbuf_16)
     2    0.017453    0.039689    0.129786   10.172744 ^ clkbuf_0_clk/X (sky130_fd_sc_hd__clkbuf_16)
                      0.039689    0.000056   10.172800 ^ clkbuf_1_0__f_clk/A (sky130_fd_sc_hd__clkbuf_16)
     4    0.010641    0.033879    0.114567   10.287367 ^ clkbuf_1_0__f_clk/X (sky130_fd_sc_hd__clkbuf_16)
                      0.033879    0.000027   10.287394 ^ _40_/CLK (sky130_fd_sc_hd__dfrtp_1)
                                 -0.250000   10.037394   clock uncertainty
                                  0.000000   10.037394   clock reconvergence pessimism
                                 -0.112094    9.925300   library setup time
                                              9.925300   data required time
---------------------------------------------------------------------------------------------
                                              9.925300   data required time
                                             -2.744424   data arrival time
---------------------------------------------------------------------------------------------
                                              7.180876   slack (MET)


Startpoint: enable (input port clocked by clk)
Endpoint: _41_ (rising edge-triggered flip-flop clocked by clk)
Path Group: clk
Path Type: max

Fanout         Cap        Slew       Delay        Time   Description
---------------------------------------------------------------------------------------------
                                  0.000000    0.000000   clock clk (rise edge)
                                  0.000000    0.000000   clock network delay (propagated)
                                  2.000000    2.000000 ^ input external delay
     1    0.003007    0.020624    0.011021    2.011021 ^ enable (in)
                      0.020624    0.000000    2.011021 ^ input1/A (sky130_fd_sc_hd__buf_1)
     4    0.013130    0.160170    0.153858    2.164879 ^ input1/X (sky130_fd_sc_hd__buf_1)
                      0.160170    0.000184    2.165063 ^ _19_/D (sky130_fd_sc_hd__and4_1)
     6    0.017674    0.181516    0.314161    2.479224 ^ _19_/X (sky130_fd_sc_hd__and4_1)
                      0.181516    0.000088    2.479311 ^ _20_/B (sky130_fd_sc_hd__nand2_1)
     2    0.006188    0.070689    0.099659    2.578970 v _20_/Y (sky130_fd_sc_hd__nand2_1)
                      0.070689    0.000006    2.578977 v _32_/B (sky130_fd_sc_hd__xnor2_1)
     1    0.002290    0.042783    0.125146    2.704123 v _32_/Y (sky130_fd_sc_hd__xnor2_1)
                      0.042783    0.000004    2.704128 v _41_/D (sky130_fd_sc_hd__dfrtp_1)
                                              2.704128   data arrival time

                                 10.000000   10.000000   clock clk (rise edge)
                                  0.000000   10.000000   clock source latency
     1    0.012752    0.063443    0.042958   10.042958 ^ clk (in)
                      0.063445    0.000000   10.042958 ^ clkbuf_0_clk/A (sky130_fd_sc_hd__clkbuf_16)
     2    0.017453    0.039689    0.129786   10.172744 ^ clkbuf_0_clk/X (sky130_fd_sc_hd__clkbuf_16)
                      0.039689    0.000056   10.172800 ^ clkbuf_1_0__f_clk/A (sky130_fd_sc_hd__clkbuf_16)
     4    0.010641    0.033879    0.114567   10.287367 ^ clkbuf_1_0__f_clk/X (sky130_fd_sc_hd__clkbuf_16)
                      0.033879    0.000021   10.287388 ^ _41_/CLK (sky130_fd_sc_hd__dfrtp_1)
                                 -0.250000   10.037388   clock uncertainty
                                  0.000000   10.037388   clock reconvergence pessimism
                                 -0.115850    9.921537   library setup time
                                              9.921537   data required time
---------------------------------------------------------------------------------------------
                                              9.921537   data required time
                                             -2.704128   data arrival time
---------------------------------------------------------------------------------------------
                                              7.217410   slack (MET)


Startpoint: enable (input port clocked by clk)
Endpoint: _39_ (rising edge-triggered flip-flop clocked by clk)
Path Group: clk
Path Type: max

Fanout         Cap        Slew       Delay        Time   Description
---------------------------------------------------------------------------------------------
                                  0.000000    0.000000   clock clk (rise edge)
                                  0.000000    0.000000   clock network delay (propagated)
                                  2.000000    2.000000 ^ input external delay
     1    0.003007    0.020624    0.011021    2.011021 ^ enable (in)
                      0.020624    0.000000    2.011021 ^ input1/A (sky130_fd_sc_hd__buf_1)
     4    0.013130    0.160170    0.153858    2.164879 ^ input1/X (sky130_fd_sc_hd__buf_1)
                      0.160170    0.000184    2.165063 ^ _19_/D (sky130_fd_sc_hd__and4_1)
     6    0.017674    0.181516    0.314161    2.479224 ^ _19_/X (sky130_fd_sc_hd__and4_1)
                      0.181516    0.000039    2.479263 ^ _29_/A (sky130_fd_sc_hd__nor2_1)
     1    0.002218    0.046690    0.066959    2.546221 v _29_/Y (sky130_fd_sc_hd__nor2_1)
                      0.046690    0.000002    2.546224 v _39_/D (sky130_fd_sc_hd__dfrtp_1)
                                              2.546224   data arrival time

                                 10.000000   10.000000   clock clk (rise edge)
                                  0.000000   10.000000   clock source latency
     1    0.012752    0.063443    0.042958   10.042958 ^ clk (in)
                      0.063445    0.000000   10.042958 ^ clkbuf_0_clk/A (sky130_fd_sc_hd__clkbuf_16)
     2    0.017453    0.039689    0.129786   10.172744 ^ clkbuf_0_clk/X (sky130_fd_sc_hd__clkbuf_16)
                      0.039689    0.000056   10.172800 ^ clkbuf_1_0__f_clk/A (sky130_fd_sc_hd__clkbuf_16)
     4    0.010641    0.033879    0.114567   10.287367 ^ clkbuf_1_0__f_clk/X (sky130_fd_sc_hd__clkbuf_16)
                      0.033879    0.000028   10.287395 ^ _39_/CLK (sky130_fd_sc_hd__dfrtp_1)
                                 -0.250000   10.037395   clock uncertainty
                                  0.000000   10.037395   clock reconvergence pessimism
                                 -0.117556    9.919839   library setup time
                                              9.919839   data required time
---------------------------------------------------------------------------------------------
                                              9.919839   data required time
                                             -2.546224   data arrival time
---------------------------------------------------------------------------------------------
                                              7.373615   slack (MET)


Startpoint: enable (input port clocked by clk)
Endpoint: _38_ (rising edge-triggered flip-flop clocked by clk)
Path Group: clk
Path Type: max

Fanout         Cap        Slew       Delay        Time   Description
---------------------------------------------------------------------------------------------
                                  0.000000    0.000000   clock clk (rise edge)
                                  0.000000    0.000000   clock network delay (propagated)
                                  2.000000    2.000000 ^ input external delay
     1    0.003007    0.020624    0.011021    2.011021 ^ enable (in)
                      0.020624    0.000000    2.011021 ^ input1/A (sky130_fd_sc_hd__buf_1)
     4    0.013130    0.160170    0.153858    2.164879 ^ input1/X (sky130_fd_sc_hd__buf_1)
                      0.160170    0.000173    2.165052 ^ _18_/C (sky130_fd_sc_hd__and3_1)
     2    0.005631    0.076475    0.193446    2.358498 ^ _18_/X (sky130_fd_sc_hd__and3_1)
                      0.076475    0.000014    2.358513 ^ _27_/A (sky130_fd_sc_hd__nor2_1)
     1    0.002453    0.032660    0.048162    2.406675 v _27_/Y (sky130_fd_sc_hd__nor2_1)
                      0.032660    0.000007    2.406682 v _38_/D (sky130_fd_sc_hd__dfrtp_1)
                                              2.406682   data arrival time

                                 10.000000   10.000000   clock clk (rise edge)
                                  0.000000   10.000000   clock source latency
     1    0.012752    0.063443    0.042958   10.042958 ^ clk (in)
                      0.063445    0.000000   10.042958 ^ clkbuf_0_clk/A (sky130_fd_sc_hd__clkbuf_16)
     2    0.017453    0.039689    0.129786   10.172744 ^ clkbuf_0_clk/X (sky130_fd_sc_hd__clkbuf_16)
                      0.039689    0.000056   10.172800 ^ clkbuf_1_0__f_clk/A (sky130_fd_sc_hd__clkbuf_16)
     4    0.010641    0.033879    0.114567   10.287367 ^ clkbuf_1_0__f_clk/X (sky130_fd_sc_hd__clkbuf_16)
                      0.033879    0.000030   10.287397 ^ _38_/CLK (sky130_fd_sc_hd__dfrtp_1)
                                 -0.250000   10.037397   clock uncertainty
                                  0.000000   10.037397   clock reconvergence pessimism
                                 -0.111431    9.925966   library setup time
                                              9.925966   data required time
---------------------------------------------------------------------------------------------
                                              9.925966   data required time
                                             -2.406682   data arrival time
---------------------------------------------------------------------------------------------
                                              7.519284   slack (MET)


Startpoint: enable (input port clocked by clk)
Endpoint: _37_ (rising edge-triggered flip-flop clocked by clk)
Path Group: clk
Path Type: max

Fanout         Cap        Slew       Delay        Time   Description
---------------------------------------------------------------------------------------------
                                  0.000000    0.000000   clock clk (rise edge)
                                  0.000000    0.000000   clock network delay (propagated)
                                  2.000000    2.000000 ^ input external delay
     1    0.003007    0.020624    0.011021    2.011021 ^ enable (in)
                      0.020624    0.000000    2.011021 ^ input1/A (sky130_fd_sc_hd__buf_1)
     4    0.013130    0.160170    0.153858    2.164879 ^ input1/X (sky130_fd_sc_hd__buf_1)
                      0.160170    0.000190    2.165069 ^ _25_/B (sky130_fd_sc_hd__xor2_1)
     1    0.002954    0.116626    0.158560    2.323629 ^ _25_/X (sky130_fd_sc_hd__xor2_1)
                      0.116626    0.000011    2.323640 ^ _37_/D (sky130_fd_sc_hd__dfrtp_1)
                                              2.323640   data arrival time

                                 10.000000   10.000000   clock clk (rise edge)
                                  0.000000   10.000000   clock source latency
     1    0.012752    0.063443    0.042958   10.042958 ^ clk (in)
                      0.063445    0.000000   10.042958 ^ clkbuf_0_clk/A (sky130_fd_sc_hd__clkbuf_16)
     2    0.017453    0.039689    0.129786   10.172744 ^ clkbuf_0_clk/X (sky130_fd_sc_hd__clkbuf_16)
                      0.039689    0.000048   10.172791 ^ clkbuf_1_1__f_clk/A (sky130_fd_sc_hd__clkbuf_16)
     4    0.010669    0.033904    0.114595   10.287386 ^ clkbuf_1_1__f_clk/X (sky130_fd_sc_hd__clkbuf_16)
                      0.033904    0.000037   10.287424 ^ _37_/CLK (sky130_fd_sc_hd__dfrtp_1)
                                 -0.250000   10.037424   clock uncertainty
                                  0.000000   10.037424   clock reconvergence pessimism
                                 -0.078081    9.959343   library setup time
                                              9.959343   data required time
---------------------------------------------------------------------------------------------
                                              9.959343   data required time
                                             -2.323640   data arrival time
---------------------------------------------------------------------------------------------
                                              7.635702   slack (MET)


Startpoint: rst_n (input port clocked by clk)
Endpoint: _42_ (recovery check against rising-edge clock clk)
Path Group: asynchronous
Path Type: max

Fanout         Cap        Slew       Delay        Time   Description
---------------------------------------------------------------------------------------------
                                  0.000000    0.000000   clock clk (rise edge)
                                  0.000000    0.000000   clock network delay (propagated)
                                  2.000000    2.000000 ^ input external delay
     1    0.003062    0.020861    0.011213    2.011214 ^ rst_n (in)
                      0.020861    0.000000    2.011214 ^ input2/A (sky130_fd_sc_hd__clkbuf_4)
     8    0.040416    0.129506    0.188517    2.199730 ^ input2/X (sky130_fd_sc_hd__clkbuf_4)
                      0.129510    0.000844    2.200574 ^ _42_/RESET_B (sky130_fd_sc_hd__dfrtp_1)
                                              2.200574   data arrival time

                                 10.000000   10.000000   clock clk (rise edge)
                                  0.000000   10.000000   clock source latency
     1    0.012752    0.063443    0.042958   10.042958 ^ clk (in)
                      0.063445    0.000000   10.042958 ^ clkbuf_0_clk/A (sky130_fd_sc_hd__clkbuf_16)
     2    0.017453    0.039689    0.129786   10.172744 ^ clkbuf_0_clk/X (sky130_fd_sc_hd__clkbuf_16)
                      0.039689    0.000048   10.172791 ^ clkbuf_1_1__f_clk/A (sky130_fd_sc_hd__clkbuf_16)
     4    0.010669    0.033904    0.114595   10.287386 ^ clkbuf_1_1__f_clk/X (sky130_fd_sc_hd__clkbuf_16)
                      0.033904    0.000032   10.287418 ^ _42_/CLK (sky130_fd_sc_hd__dfrtp_1)
                                 -0.250000   10.037418   clock uncertainty
                                  0.000000   10.037418   clock reconvergence pessimism
                                  0.205013   10.242432   library recovery time
                                             10.242432   data required time
---------------------------------------------------------------------------------------------
                                             10.242432   data required time
                                             -2.200574   data arrival time
---------------------------------------------------------------------------------------------
                                              8.041857   slack (MET)


Startpoint: rst_n (input port clocked by clk)
Endpoint: _43_ (recovery check against rising-edge clock clk)
Path Group: asynchronous
Path Type: max

Fanout         Cap        Slew       Delay        Time   Description
---------------------------------------------------------------------------------------------
                                  0.000000    0.000000   clock clk (rise edge)
                                  0.000000    0.000000   clock network delay (propagated)
                                  2.000000    2.000000 ^ input external delay
     1    0.003062    0.020861    0.011213    2.011214 ^ rst_n (in)
                      0.020861    0.000000    2.011214 ^ input2/A (sky130_fd_sc_hd__clkbuf_4)
     8    0.040416    0.129506    0.188517    2.199730 ^ input2/X (sky130_fd_sc_hd__clkbuf_4)
                      0.129509    0.000821    2.200551 ^ _43_/RESET_B (sky130_fd_sc_hd__dfrtp_1)
                                              2.200551   data arrival time

                                 10.000000   10.000000   clock clk (rise edge)
                                  0.000000   10.000000   clock source latency
     1    0.012752    0.063443    0.042958   10.042958 ^ clk (in)
                      0.063445    0.000000   10.042958 ^ clkbuf_0_clk/A (sky130_fd_sc_hd__clkbuf_16)
     2    0.017453    0.039689    0.129786   10.172744 ^ clkbuf_0_clk/X (sky130_fd_sc_hd__clkbuf_16)
                      0.039689    0.000048   10.172791 ^ clkbuf_1_1__f_clk/A (sky130_fd_sc_hd__clkbuf_16)
     4    0.010669    0.033904    0.114595   10.287386 ^ clkbuf_1_1__f_clk/X (sky130_fd_sc_hd__clkbuf_16)
                      0.033904    0.000011   10.287397 ^ _43_/CLK (sky130_fd_sc_hd__dfrtp_1)
                                 -0.250000   10.037397   clock uncertainty
                                  0.000000   10.037397   clock reconvergence pessimism
                                  0.205013   10.242410   library recovery time
                                             10.242410   data required time
---------------------------------------------------------------------------------------------
                                             10.242410   data required time
                                             -2.200551   data arrival time
---------------------------------------------------------------------------------------------
                                              8.041859   slack (MET)


Startpoint: rst_n (input port clocked by clk)
Endpoint: _41_ (recovery check against rising-edge clock clk)
Path Group: asynchronous
Path Type: max

Fanout         Cap        Slew       Delay        Time   Description
---------------------------------------------------------------------------------------------
                                  0.000000    0.000000   clock clk (rise edge)
                                  0.000000    0.000000   clock network delay (propagated)
                                  2.000000    2.000000 ^ input external delay
     1    0.003062    0.020861    0.011213    2.011214 ^ rst_n (in)
                      0.020861    0.000000    2.011214 ^ input2/A (sky130_fd_sc_hd__clkbuf_4)
     8    0.040416    0.129506    0.188517    2.199730 ^ input2/X (sky130_fd_sc_hd__clkbuf_4)
                      0.129508    0.000741    2.200471 ^ _41_/RESET_B (sky130_fd_sc_hd__dfrtp_1)
                                              2.200471   data arrival time

                                 10.000000   10.000000   clock clk (rise edge)
                                  0.000000   10.000000   clock source latency
     1    0.012752    0.063443    0.042958   10.042958 ^ clk (in)
                      0.063445    0.000000   10.042958 ^ clkbuf_0_clk/A (sky130_fd_sc_hd__clkbuf_16)
     2    0.017453    0.039689    0.129786   10.172744 ^ clkbuf_0_clk/X (sky130_fd_sc_hd__clkbuf_16)
                      0.039689    0.000056   10.172800 ^ clkbuf_1_0__f_clk/A (sky130_fd_sc_hd__clkbuf_16)
     4    0.010641    0.033879    0.114567   10.287367 ^ clkbuf_1_0__f_clk/X (sky130_fd_sc_hd__clkbuf_16)
                      0.033879    0.000021   10.287388 ^ _41_/CLK (sky130_fd_sc_hd__dfrtp_1)
                                 -0.250000   10.037388   clock uncertainty
                                  0.000000   10.037388   clock reconvergence pessimism
                                  0.205006   10.242393   library recovery time
                                             10.242393   data required time
---------------------------------------------------------------------------------------------
                                             10.242393   data required time
                                             -2.200471   data arrival time
---------------------------------------------------------------------------------------------
                                              8.041923   slack (MET)


Startpoint: rst_n (input port clocked by clk)
Endpoint: _40_ (recovery check against rising-edge clock clk)
Path Group: asynchronous
Path Type: max

Fanout         Cap        Slew       Delay        Time   Description
---------------------------------------------------------------------------------------------
                                  0.000000    0.000000   clock clk (rise edge)
                                  0.000000    0.000000   clock network delay (propagated)
                                  2.000000    2.000000 ^ input external delay
     1    0.003062    0.020861    0.011213    2.011214 ^ rst_n (in)
                      0.020861    0.000000    2.011214 ^ input2/A (sky130_fd_sc_hd__clkbuf_4)
     8    0.040416    0.129506    0.188517    2.199730 ^ input2/X (sky130_fd_sc_hd__clkbuf_4)
                      0.129508    0.000712    2.200442 ^ _40_/RESET_B (sky130_fd_sc_hd__dfrtp_1)
                                              2.200442   data arrival time

                                 10.000000   10.000000   clock clk (rise edge)
                                  0.000000   10.000000   clock source latency
     1    0.012752    0.063443    0.042958   10.042958 ^ clk (in)
                      0.063445    0.000000   10.042958 ^ clkbuf_0_clk/A (sky130_fd_sc_hd__clkbuf_16)
     2    0.017453    0.039689    0.129786   10.172744 ^ clkbuf_0_clk/X (sky130_fd_sc_hd__clkbuf_16)
                      0.039689    0.000056   10.172800 ^ clkbuf_1_0__f_clk/A (sky130_fd_sc_hd__clkbuf_16)
     4    0.010641    0.033879    0.114567   10.287367 ^ clkbuf_1_0__f_clk/X (sky130_fd_sc_hd__clkbuf_16)
                      0.033879    0.000027   10.287394 ^ _40_/CLK (sky130_fd_sc_hd__dfrtp_1)
                                 -0.250000   10.037394   clock uncertainty
                                  0.000000   10.037394   clock reconvergence pessimism
                                  0.205006   10.242399   library recovery time
                                             10.242399   data required time
---------------------------------------------------------------------------------------------
                                             10.242399   data required time
                                             -2.200442   data arrival time
---------------------------------------------------------------------------------------------
                                              8.041958   slack (MET)


Startpoint: rst_n (input port clocked by clk)
Endpoint: _44_ (recovery check against rising-edge clock clk)
Path Group: asynchronous
Path Type: max

Fanout         Cap        Slew       Delay        Time   Description
---------------------------------------------------------------------------------------------
                                  0.000000    0.000000   clock clk (rise edge)
                                  0.000000    0.000000   clock network delay (propagated)
                                  2.000000    2.000000 ^ input external delay
     1    0.003062    0.020861    0.011213    2.011214 ^ rst_n (in)
                      0.020861    0.000000    2.011214 ^ input2/A (sky130_fd_sc_hd__clkbuf_4)
     8    0.040416    0.129506    0.188517    2.199730 ^ input2/X (sky130_fd_sc_hd__clkbuf_4)
                      0.129508    0.000744    2.200475 ^ _44_/RESET_B (sky130_fd_sc_hd__dfrtp_1)
                                              2.200475   data arrival time

                                 10.000000   10.000000   clock clk (rise edge)
                                  0.000000   10.000000   clock source latency
     1    0.012752    0.063443    0.042958   10.042958 ^ clk (in)
                      0.063445    0.000000   10.042958 ^ clkbuf_0_clk/A (sky130_fd_sc_hd__clkbuf_16)
     2    0.017453    0.039689    0.129786   10.172744 ^ clkbuf_0_clk/X (sky130_fd_sc_hd__clkbuf_16)
                      0.039689    0.000048   10.172791 ^ clkbuf_1_1__f_clk/A (sky130_fd_sc_hd__clkbuf_16)
     4    0.010669    0.033904    0.114595   10.287386 ^ clkbuf_1_1__f_clk/X (sky130_fd_sc_hd__clkbuf_16)
                      0.033904    0.000036   10.287422 ^ _44_/CLK (sky130_fd_sc_hd__dfrtp_1)
                                 -0.250000   10.037422   clock uncertainty
                                  0.000000   10.037422   clock reconvergence pessimism
                                  0.205013   10.242435   library recovery time
                                             10.242435   data required time
---------------------------------------------------------------------------------------------
                                             10.242435   data required time
                                             -2.200475   data arrival time
---------------------------------------------------------------------------------------------
                                              8.041961   slack (MET)


Startpoint: rst_n (input port clocked by clk)
Endpoint: _37_ (recovery check against rising-edge clock clk)
Path Group: asynchronous
Path Type: max

Fanout         Cap        Slew       Delay        Time   Description
---------------------------------------------------------------------------------------------
                                  0.000000    0.000000   clock clk (rise edge)
                                  0.000000    0.000000   clock network delay (propagated)
                                  2.000000    2.000000 ^ input external delay
     1    0.003062    0.020861    0.011213    2.011214 ^ rst_n (in)
                      0.020861    0.000000    2.011214 ^ input2/A (sky130_fd_sc_hd__clkbuf_4)
     8    0.040416    0.129506    0.188517    2.199730 ^ input2/X (sky130_fd_sc_hd__clkbuf_4)
                      0.129508    0.000673    2.200403 ^ _37_/RESET_B (sky130_fd_sc_hd__dfrtp_1)
                                              2.200403   data arrival time

                                 10.000000   10.000000   clock clk (rise edge)
                                  0.000000   10.000000   clock source latency
     1    0.012752    0.063443    0.042958   10.042958 ^ clk (in)
                      0.063445    0.000000   10.042958 ^ clkbuf_0_clk/A (sky130_fd_sc_hd__clkbuf_16)
     2    0.017453    0.039689    0.129786   10.172744 ^ clkbuf_0_clk/X (sky130_fd_sc_hd__clkbuf_16)
                      0.039689    0.000048   10.172791 ^ clkbuf_1_1__f_clk/A (sky130_fd_sc_hd__clkbuf_16)
     4    0.010669    0.033904    0.114595   10.287386 ^ clkbuf_1_1__f_clk/X (sky130_fd_sc_hd__clkbuf_16)
                      0.033904    0.000037   10.287424 ^ _37_/CLK (sky130_fd_sc_hd__dfrtp_1)
                                 -0.250000   10.037424   clock uncertainty
                                  0.000000   10.037424   clock reconvergence pessimism
                                  0.205014   10.242437   library recovery time
                                             10.242437   data required time
---------------------------------------------------------------------------------------------
                                             10.242437   data required time
                                             -2.200403   data arrival time
---------------------------------------------------------------------------------------------
                                              8.042035   slack (MET)


Startpoint: rst_n (input port clocked by clk)
Endpoint: _39_ (recovery check against rising-edge clock clk)
Path Group: asynchronous
Path Type: max

Fanout         Cap        Slew       Delay        Time   Description
---------------------------------------------------------------------------------------------
                                  0.000000    0.000000   clock clk (rise edge)
                                  0.000000    0.000000   clock network delay (propagated)
                                  2.000000    2.000000 ^ input external delay
     1    0.003062    0.020861    0.011213    2.011214 ^ rst_n (in)
                      0.020861    0.000000    2.011214 ^ input2/A (sky130_fd_sc_hd__clkbuf_4)
     8    0.040416    0.129506    0.188517    2.199730 ^ input2/X (sky130_fd_sc_hd__clkbuf_4)
                      0.129507    0.000631    2.200361 ^ _39_/RESET_B (sky130_fd_sc_hd__dfrtp_1)
                                              2.200361   data arrival time

                                 10.000000   10.000000   clock clk (rise edge)
                                  0.000000   10.000000   clock source latency
     1    0.012752    0.063443    0.042958   10.042958 ^ clk (in)
                      0.063445    0.000000   10.042958 ^ clkbuf_0_clk/A (sky130_fd_sc_hd__clkbuf_16)
     2    0.017453    0.039689    0.129786   10.172744 ^ clkbuf_0_clk/X (sky130_fd_sc_hd__clkbuf_16)
                      0.039689    0.000056   10.172800 ^ clkbuf_1_0__f_clk/A (sky130_fd_sc_hd__clkbuf_16)
     4    0.010641    0.033879    0.114567   10.287367 ^ clkbuf_1_0__f_clk/X (sky130_fd_sc_hd__clkbuf_16)
                      0.033879    0.000028   10.287395 ^ _39_/CLK (sky130_fd_sc_hd__dfrtp_1)
                                 -0.250000   10.037395   clock uncertainty
                                  0.000000   10.037395   clock reconvergence pessimism
                                  0.205006   10.242400   library recovery time
                                             10.242400   data required time
---------------------------------------------------------------------------------------------
                                             10.242400   data required time
                                             -2.200361   data arrival time
---------------------------------------------------------------------------------------------
                                              8.042039   slack (MET)


Startpoint: rst_n (input port clocked by clk)
Endpoint: _38_ (recovery check against rising-edge clock clk)
Path Group: asynchronous
Path Type: max

Fanout         Cap        Slew       Delay        Time   Description
---------------------------------------------------------------------------------------------
                                  0.000000    0.000000   clock clk (rise edge)
                                  0.000000    0.000000   clock network delay (propagated)
                                  2.000000    2.000000 ^ input external delay
     1    0.003062    0.020861    0.011213    2.011214 ^ rst_n (in)
                      0.020861    0.000000    2.011214 ^ input2/A (sky130_fd_sc_hd__clkbuf_4)
     8    0.040416    0.129506    0.188517    2.199730 ^ input2/X (sky130_fd_sc_hd__clkbuf_4)
                      0.129507    0.000522    2.200252 ^ _38_/RESET_B (sky130_fd_sc_hd__dfrtp_1)
                                              2.200252   data arrival time

                                 10.000000   10.000000   clock clk (rise edge)
                                  0.000000   10.000000   clock source latency
     1    0.012752    0.063443    0.042958   10.042958 ^ clk (in)
                      0.063445    0.000000   10.042958 ^ clkbuf_0_clk/A (sky130_fd_sc_hd__clkbuf_16)
     2    0.017453    0.039689    0.129786   10.172744 ^ clkbuf_0_clk/X (sky130_fd_sc_hd__clkbuf_16)
                      0.039689    0.000056   10.172800 ^ clkbuf_1_0__f_clk/A (sky130_fd_sc_hd__clkbuf_16)
     4    0.010641    0.033879    0.114567   10.287367 ^ clkbuf_1_0__f_clk/X (sky130_fd_sc_hd__clkbuf_16)
                      0.033879    0.000030   10.287397 ^ _38_/CLK (sky130_fd_sc_hd__dfrtp_1)
                                 -0.250000   10.037397   clock uncertainty
                                  0.000000   10.037397   clock reconvergence pessimism
                                  0.205006   10.242404   library recovery time
                                             10.242404   data required time
---------------------------------------------------------------------------------------------
                                             10.242404   data required time
                                             -2.200252   data arrival time
---------------------------------------------------------------------------------------------
                                              8.042152   slack (MET)



