
===========================================================================
 report_power
============================================================================
======================= nom_tt_025C_1v80 Corner ===================================

Group                    Internal    Switching      Leakage        Total
                            Power        Power        Power        Power (Watts)
------------------------------------------------------------------------
Sequential           5.285429e-05 2.187848e-05 9.044280e-11 7.473286e-05  31.3%
Combinational        3.605090e-05 5.782266e-05 1.273555e-10 9.387369e-05  39.3%
Clock                5.547388e-05 1.462424e-05 4.627753e-10 7.009858e-05  29.4%
Macro                0.000000e+00 0.000000e+00 0.000000e+00 0.000000e+00   0.0%
Pad                  0.000000e+00 0.000000e+00 0.000000e+00 0.000000e+00   0.0%
------------------------------------------------------------------------
Total                1.443791e-04 9.432539e-05 6.805732e-10 2.387051e-04 100.0%
                            60.5%        39.5%         0.0%
Writing metric power__internal__total: 0.0001443790679331869
Writing metric power__switching__total: 9.432539081899449e-5
Writing metric power__leakage__total: 6.805731533887638e-10
Writing metric power__total: 0.00023870514996815473

