
===========================================================================
report_checks -path_delay min (Hold)
============================================================================
======================= nom_tt_025C_1v80 Corner ===================================

Startpoint: _42_ (rising edge-triggered flip-flop clocked by clk)
Endpoint: _42_ (rising edge-triggered flip-flop clocked by clk)
Path Group: clk
Path Type: min

Fanout         Cap        Slew       Delay        Time   Description
---------------------------------------------------------------------------------------------
                                  0.000000    0.000000   clock clk (rise edge)
                                  0.000000    0.000000   clock source latency
     1    0.013263    0.065689    0.044663    0.044663 ^ clk (in)
                      0.065692    0.000000    0.044663 ^ clkbuf_0_clk/A (sky130_fd_sc_hd__clkbuf_16)
     2    0.018071    0.040208    0.131075    0.175737 ^ clkbuf_0_clk/X (sky130_fd_sc_hd__clkbuf_16)
                      0.040219    0.000420    0.176157 ^ clkbuf_1_1__f_clk/A (sky130_fd_sc_hd__clkbuf_16)
     4    0.011501    0.034622    0.115521    0.291678 ^ clkbuf_1_1__f_clk/X (sky130_fd_sc_hd__clkbuf_16)
                      0.034622    0.000318    0.291996 ^ _42_/CLK (sky130_fd_sc_hd__dfrtp_1)
     3    0.010556    0.104798    0.362574    0.654570 ^ _42_/Q (sky130_fd_sc_hd__dfrtp_1)
                      0.104798    0.000293    0.654863 ^ _33_/B1 (sky130_fd_sc_hd__a31o_1)
     1    0.003085    0.043437    0.107616    0.762478 ^ _33_/X (sky130_fd_sc_hd__a31o_1)
                      0.043437    0.000080    0.762558 ^ _34_/B (sky130_fd_sc_hd__and2b_1)
     1    0.002979    0.042714    0.113543    0.876101 ^ _34_/X (sky130_fd_sc_hd__and2b_1)
                      0.042714    0.000095    0.876196 ^ _42_/D (sky130_fd_sc_hd__dfrtp_1)
                                              0.876196   data arrival time

                                  0.000000    0.000000   clock clk (rise edge)
                                  0.000000    0.000000   clock source latency
     1    0.013263    0.065689    0.044663    0.044663 ^ clk (in)
                      0.065692    0.000000    0.044663 ^ clkbuf_0_clk/A (sky130_fd_sc_hd__clkbuf_16)
     2    0.018071    0.040208    0.131075    0.175737 ^ clkbuf_0_clk/X (sky130_fd_sc_hd__clkbuf_16)
                      0.040219    0.000420    0.176157 ^ clkbuf_1_1__f_clk/A (sky130_fd_sc_hd__clkbuf_16)
     4    0.011501    0.034622    0.115521    0.291678 ^ clkbuf_1_1__f_clk/X (sky130_fd_sc_hd__clkbuf_16)
                      0.034622    0.000318    0.291996 ^ _42_/CLK (sky130_fd_sc_hd__dfrtp_1)
                                  0.250000    0.541996   clock uncertainty
                                  0.000000    0.541996   clock reconvergence pessimism
                                 -0.035703    0.506294   library hold time
                                              0.506294   data required time
---------------------------------------------------------------------------------------------
                                              0.506294   data required time
                                             -0.876196   data arrival time
---------------------------------------------------------------------------------------------
                                              0.369903   slack (MET)


Startpoint: _40_ (rising edge-triggered flip-flop clocked by clk)
Endpoint: _41_ (rising edge-triggered flip-flop clocked by clk)
Path Group: clk
Path Type: min

Fanout         Cap        Slew       Delay        Time   Description
---------------------------------------------------------------------------------------------
                                  0.000000    0.000000   clock clk (rise edge)
                                  0.000000    0.000000   clock source latency
     1    0.013263    0.065689    0.044663    0.044663 ^ clk (in)
                      0.065692    0.000000    0.044663 ^ clkbuf_0_clk/A (sky130_fd_sc_hd__clkbuf_16)
     2    0.018071    0.040208    0.131075    0.175737 ^ clkbuf_0_clk/X (sky130_fd_sc_hd__clkbuf_16)
                      0.040218    0.000415    0.176152 ^ clkbuf_1_0__f_clk/A (sky130_fd_sc_hd__clkbuf_16)
     4    0.011392    0.034528    0.115421    0.291573 ^ clkbuf_1_0__f_clk/X (sky130_fd_sc_hd__clkbuf_16)
                      0.034528    0.000283    0.291856 ^ _40_/CLK (sky130_fd_sc_hd__dfrtp_1)
     6    0.017359    0.103081    0.417451    0.709307 v _40_/Q (sky130_fd_sc_hd__dfrtp_1)
                      0.103081    0.000371    0.709678 v _20_/A (sky130_fd_sc_hd__nand2_1)
     2    0.006768    0.075144    0.104105    0.813783 ^ _20_/Y (sky130_fd_sc_hd__nand2_1)
                      0.075144    0.000130    0.813914 ^ _32_/B (sky130_fd_sc_hd__xnor2_1)
     1    0.002244    0.031747    0.060064    0.873978 v _32_/Y (sky130_fd_sc_hd__xnor2_1)
                      0.031747    0.000045    0.874023 v _41_/D (sky130_fd_sc_hd__dfrtp_1)
                                              0.874023   data arrival time

                                  0.000000    0.000000   clock clk (rise edge)
                                  0.000000    0.000000   clock source latency
     1    0.013263    0.065689    0.044663    0.044663 ^ clk (in)
                      0.065692    0.000000    0.044663 ^ clkbuf_0_clk/A (sky130_fd_sc_hd__clkbuf_16)
     2    0.018071    0.040208    0.131075    0.175737 ^ clkbuf_0_clk/X (sky130_fd_sc_hd__clkbuf_16)
                      0.040218    0.000415    0.176152 ^ clkbuf_1_0__f_clk/A (sky130_fd_sc_hd__clkbuf_16)
     4    0.011392    0.034528    0.115421    0.291573 ^ clkbuf_1_0__f_clk/X (sky130_fd_sc_hd__clkbuf_16)
                      0.034528    0.000269    0.291842 ^ _41_/CLK (sky130_fd_sc_hd__dfrtp_1)
                                  0.250000    0.541842   clock uncertainty
                                  0.000000    0.541842   clock reconvergence pessimism
                                 -0.042768    0.499074   library hold time
                                              0.499074   data required time
---------------------------------------------------------------------------------------------
                                              0.499074   data required time
                                             -0.874023   data arrival time
---------------------------------------------------------------------------------------------
                                              0.374950   slack (MET)


Startpoint: _38_ (rising edge-triggered flip-flop clocked by clk)
Endpoint: _38_ (rising edge-triggered flip-flop clocked by clk)
Path Group: clk
Path Type: min

Fanout         Cap        Slew       Delay        Time   Description
---------------------------------------------------------------------------------------------
                                  0.000000    0.000000   clock clk (rise edge)
                                  0.000000    0.000000   clock source latency
     1    0.013263    0.065689    0.044663    0.044663 ^ clk (in)
                      0.065692    0.000000    0.044663 ^ clkbuf_0_clk/A (sky130_fd_sc_hd__clkbuf_16)
     2    0.018071    0.040208    0.131075    0.175737 ^ clkbuf_0_clk/X (sky130_fd_sc_hd__clkbuf_16)
                      0.040218    0.000415    0.176152 ^ clkbuf_1_0__f_clk/A (sky130_fd_sc_hd__clkbuf_16)
     4    0.011392    0.034528    0.115421    0.291573 ^ clkbuf_1_0__f_clk/X (sky130_fd_sc_hd__clkbuf_16)
                      0.034528    0.000289    0.291861 ^ _38_/CLK (sky130_fd_sc_hd__dfrtp_1)
     4    0.013043    0.125188    0.377523    0.669385 ^ _38_/Q (sky130_fd_sc_hd__dfrtp_1)
                      0.125188    0.000302    0.669686 ^ _18_/B (sky130_fd_sc_hd__and3_1)
     2    0.006434    0.080342    0.191193    0.860879 ^ _18_/X (sky130_fd_sc_hd__and3_1)
                      0.080342    0.000197    0.861076 ^ _27_/A (sky130_fd_sc_hd__nor2_1)
     1    0.002925    0.031393    0.051287    0.912364 v _27_/Y (sky130_fd_sc_hd__nor2_1)
                      0.031393    0.000094    0.912457 v _38_/D (sky130_fd_sc_hd__dfrtp_1)
                                              0.912457   data arrival time

                                  0.000000    0.000000   clock clk (rise edge)
                                  0.000000    0.000000   clock source latency
     1    0.013263    0.065689    0.044663    0.044663 ^ clk (in)
                      0.065692    0.000000    0.044663 ^ clkbuf_0_clk/A (sky130_fd_sc_hd__clkbuf_16)
     2    0.018071    0.040208    0.131075    0.175737 ^ clkbuf_0_clk/X (sky130_fd_sc_hd__clkbuf_16)
                      0.040218    0.000415    0.176152 ^ clkbuf_1_0__f_clk/A (sky130_fd_sc_hd__clkbuf_16)
     4    0.011392    0.034528    0.115421    0.291573 ^ clkbuf_1_0__f_clk/X (sky130_fd_sc_hd__clkbuf_16)
                      0.034528    0.000289    0.291861 ^ _38_/CLK (sky130_fd_sc_hd__dfrtp_1)
                                  0.250000    0.541861   clock uncertainty
                                  0.000000    0.541861   clock reconvergence pessimism
                                 -0.042624    0.499238   library hold time
                                              0.499238   data required time
---------------------------------------------------------------------------------------------
                                              0.499238   data required time
                                             -0.912457   data arrival time
---------------------------------------------------------------------------------------------
                                              0.413220   slack (MET)


Startpoint: _40_ (rising edge-triggered flip-flop clocked by clk)
Endpoint: _40_ (rising edge-triggered flip-flop clocked by clk)
Path Group: clk
Path Type: min

Fanout         Cap        Slew       Delay        Time   Description
---------------------------------------------------------------------------------------------
                                  0.000000    0.000000   clock clk (rise edge)
                                  0.000000    0.000000   clock source latency
     1    0.013263    0.065689    0.044663    0.044663 ^ clk (in)
                      0.065692    0.000000    0.044663 ^ clkbuf_0_clk/A (sky130_fd_sc_hd__clkbuf_16)
     2    0.018071    0.040208    0.131075    0.175737 ^ clkbuf_0_clk/X (sky130_fd_sc_hd__clkbuf_16)
                      0.040218    0.000415    0.176152 ^ clkbuf_1_0__f_clk/A (sky130_fd_sc_hd__clkbuf_16)
     4    0.011392    0.034528    0.115421    0.291573 ^ clkbuf_1_0__f_clk/X (sky130_fd_sc_hd__clkbuf_16)
                      0.034528    0.000283    0.291856 ^ _40_/CLK (sky130_fd_sc_hd__dfrtp_1)
     6    0.017359    0.103081    0.417451    0.709307 v _40_/Q (sky130_fd_sc_hd__dfrtp_1)
                      0.103081    0.000371    0.709678 v _20_/A (sky130_fd_sc_hd__nand2_1)
     2    0.006768    0.075144    0.104105    0.813783 ^ _20_/Y (sky130_fd_sc_hd__nand2_1)
                      0.075144    0.000092    0.813875 ^ _31_/A (sky130_fd_sc_hd__and2_1)
     1    0.002501    0.043552    0.117856    0.931731 ^ _31_/X (sky130_fd_sc_hd__and2_1)
                      0.043552    0.000053    0.931784 ^ _40_/D (sky130_fd_sc_hd__dfrtp_1)
                                              0.931784   data arrival time

                                  0.000000    0.000000   clock clk (rise edge)
                                  0.000000    0.000000   clock source latency
     1    0.013263    0.065689    0.044663    0.044663 ^ clk (in)
                      0.065692    0.000000    0.044663 ^ clkbuf_0_clk/A (sky130_fd_sc_hd__clkbuf_16)
     2    0.018071    0.040208    0.131075    0.175737 ^ clkbuf_0_clk/X (sky130_fd_sc_hd__clkbuf_16)
                      0.040218    0.000415    0.176152 ^ clkbuf_1_0__f_clk/A (sky130_fd_sc_hd__clkbuf_16)
     4    0.011392    0.034528    0.115421    0.291573 ^ clkbuf_1_0__f_clk/X (sky130_fd_sc_hd__clkbuf_16)
                      0.034528    0.000283    0.291856 ^ _40_/CLK (sky130_fd_sc_hd__dfrtp_1)
                                  0.250000    0.541856   clock uncertainty
                                  0.000000    0.541856   clock reconvergence pessimism
                                 -0.035891    0.505964   library hold time
                                              0.505964   data required time
---------------------------------------------------------------------------------------------
                                              0.505964   data required time
                                             -0.931784   data arrival time
---------------------------------------------------------------------------------------------
                                              0.425819   slack (MET)


Startpoint: _43_ (rising edge-triggered flip-flop clocked by clk)
Endpoint: _44_ (rising edge-triggered flip-flop clocked by clk)
Path Group: clk
Path Type: min

Fanout         Cap        Slew       Delay        Time   Description
---------------------------------------------------------------------------------------------
                                  0.000000    0.000000   clock clk (rise edge)
                                  0.000000    0.000000   clock source latency
     1    0.013263    0.065689    0.044663    0.044663 ^ clk (in)
                      0.065692    0.000000    0.044663 ^ clkbuf_0_clk/A (sky130_fd_sc_hd__clkbuf_16)
     2    0.018071    0.040208    0.131075    0.175737 ^ clkbuf_0_clk/X (sky130_fd_sc_hd__clkbuf_16)
                      0.040219    0.000420    0.176157 ^ clkbuf_1_1__f_clk/A (sky130_fd_sc_hd__clkbuf_16)
     4    0.011501    0.034622    0.115521    0.291678 ^ clkbuf_1_1__f_clk/X (sky130_fd_sc_hd__clkbuf_16)
                      0.034622    0.000181    0.291859 ^ _43_/CLK (sky130_fd_sc_hd__dfrtp_1)
     3    0.009630    0.097234    0.357001    0.648860 ^ _43_/Q (sky130_fd_sc_hd__dfrtp_1)
                      0.097234    0.000161    0.649021 ^ _23_/B (sky130_fd_sc_hd__and4_1)
     2    0.008657    0.103312    0.231470    0.880490 ^ _23_/X (sky130_fd_sc_hd__and4_1)
                      0.103312    0.000351    0.880842 ^ _36_/B (sky130_fd_sc_hd__xor2_1)
     1    0.003177    0.037691    0.074983    0.955824 v _36_/X (sky130_fd_sc_hd__xor2_1)
                      0.037691    0.000081    0.955905 v _44_/D (sky130_fd_sc_hd__dfrtp_1)
                                              0.955905   data arrival time

                                  0.000000    0.000000   clock clk (rise edge)
                                  0.000000    0.000000   clock source latency
     1    0.013263    0.065689    0.044663    0.044663 ^ clk (in)
                      0.065692    0.000000    0.044663 ^ clkbuf_0_clk/A (sky130_fd_sc_hd__clkbuf_16)
     2    0.018071    0.040208    0.131075    0.175737 ^ clkbuf_0_clk/X (sky130_fd_sc_hd__clkbuf_16)
                      0.040219    0.000420    0.176157 ^ clkbuf_1_1__f_clk/A (sky130_fd_sc_hd__clkbuf_16)
     4    0.011501    0.034622    0.115521    0.291678 ^ clkbuf_1_1__f_clk/X (sky130_fd_sc_hd__clkbuf_16)
                      0.034622    0.000353    0.292031 ^ _44_/CLK (sky130_fd_sc_hd__dfrtp_1)
                                  0.250000    0.542031   clock uncertainty
                                  0.000000    0.542031   clock reconvergence pessimism
                                 -0.045167    0.496864   library hold time
                                              0.496864   data required time
---------------------------------------------------------------------------------------------
                                              0.496864   data required time
                                             -0.955905   data arrival time
---------------------------------------------------------------------------------------------
                                              0.459041   slack (MET)


Startpoint: _38_ (rising edge-triggered flip-flop clocked by clk)
Endpoint: _39_ (rising edge-triggered flip-flop clocked by clk)
Path Group: clk
Path Type: min

Fanout         Cap        Slew       Delay        Time   Description
---------------------------------------------------------------------------------------------
                                  0.000000    0.000000   clock clk (rise edge)
                                  0.000000    0.000000   clock source latency
     1    0.013263    0.065689    0.044663    0.044663 ^ clk (in)
                      0.065692    0.000000    0.044663 ^ clkbuf_0_clk/A (sky130_fd_sc_hd__clkbuf_16)
     2    0.018071    0.040208    0.131075    0.175737 ^ clkbuf_0_clk/X (sky130_fd_sc_hd__clkbuf_16)
                      0.040218    0.000415    0.176152 ^ clkbuf_1_0__f_clk/A (sky130_fd_sc_hd__clkbuf_16)
     4    0.011392    0.034528    0.115421    0.291573 ^ clkbuf_1_0__f_clk/X (sky130_fd_sc_hd__clkbuf_16)
                      0.034528    0.000289    0.291861 ^ _38_/CLK (sky130_fd_sc_hd__dfrtp_1)
     4    0.013043    0.125188    0.377523    0.669385 ^ _38_/Q (sky130_fd_sc_hd__dfrtp_1)
                      0.125188    0.000302    0.669686 ^ _18_/B (sky130_fd_sc_hd__and3_1)
     2    0.006434    0.080342    0.191193    0.860879 ^ _18_/X (sky130_fd_sc_hd__and3_1)
                      0.080342    0.000203    0.861082 ^ _28_/B (sky130_fd_sc_hd__nor2_1)
     1    0.003551    0.029465    0.047947    0.909029 v _28_/Y (sky130_fd_sc_hd__nor2_1)
                      0.029465    0.000094    0.909123 v _29_/B (sky130_fd_sc_hd__nor2_1)
     1    0.002692    0.074082    0.074708    0.983831 ^ _29_/Y (sky130_fd_sc_hd__nor2_1)
                      0.074082    0.000061    0.983892 ^ _39_/D (sky130_fd_sc_hd__dfrtp_1)
                                              0.983892   data arrival time

                                  0.000000    0.000000   clock clk (rise edge)
                                  0.000000    0.000000   clock source latency
     1    0.013263    0.065689    0.044663    0.044663 ^ clk (in)
                      0.065692    0.000000    0.044663 ^ clkbuf_0_clk/A (sky130_fd_sc_hd__clkbuf_16)
     2    0.018071    0.040208    0.131075    0.175737 ^ clkbuf_0_clk/X (sky130_fd_sc_hd__clkbuf_16)
                      0.040218    0.000415    0.176152 ^ clkbuf_1_0__f_clk/A (sky130_fd_sc_hd__clkbuf_16)
     4    0.011392    0.034528    0.115421    0.291573 ^ clkbuf_1_0__f_clk/X (sky130_fd_sc_hd__clkbuf_16)
                      0.034528    0.000289    0.291861 ^ _39_/CLK (sky130_fd_sc_hd__dfrtp_1)
                                  0.250000    0.541861   clock uncertainty
                                  0.000000    0.541861   clock reconvergence pessimism
                                 -0.042299    0.499563   library hold time
                                              0.499563   data required time
---------------------------------------------------------------------------------------------
                                              0.499563   data required time
                                             -0.983892   data arrival time
---------------------------------------------------------------------------------------------
                                              0.484329   slack (MET)


Startpoint: _40_ (rising edge-triggered flip-flop clocked by clk)
Endpoint: _43_ (rising edge-triggered flip-flop clocked by clk)
Path Group: clk
Path Type: min

Fanout         Cap        Slew       Delay        Time   Description
---------------------------------------------------------------------------------------------
                                  0.000000    0.000000   clock clk (rise edge)
                                  0.000000    0.000000   clock source latency
     1    0.013263    0.065689    0.044663    0.044663 ^ clk (in)
                      0.065692    0.000000    0.044663 ^ clkbuf_0_clk/A (sky130_fd_sc_hd__clkbuf_16)
     2    0.018071    0.040208    0.131075    0.175737 ^ clkbuf_0_clk/X (sky130_fd_sc_hd__clkbuf_16)
                      0.040218    0.000415    0.176152 ^ clkbuf_1_0__f_clk/A (sky130_fd_sc_hd__clkbuf_16)
     4    0.011392    0.034528    0.115421    0.291573 ^ clkbuf_1_0__f_clk/X (sky130_fd_sc_hd__clkbuf_16)
                      0.034528    0.000283    0.291856 ^ _40_/CLK (sky130_fd_sc_hd__dfrtp_1)
     6    0.018015    0.166111    0.407651    0.699507 ^ _40_/Q (sky130_fd_sc_hd__dfrtp_1)
                      0.166111    0.000482    0.699989 ^ _22_/A (sky130_fd_sc_hd__and3_1)
     2    0.008187    0.095649    0.211305    0.911294 ^ _22_/X (sky130_fd_sc_hd__and3_1)
                      0.095649    0.000190    0.911483 ^ _35_/B (sky130_fd_sc_hd__xor2_1)
     1    0.003715    0.039741    0.075460    0.986943 v _35_/X (sky130_fd_sc_hd__xor2_1)
                      0.039741    0.000126    0.987069 v _43_/D (sky130_fd_sc_hd__dfrtp_1)
                                              0.987069   data arrival time

                                  0.000000    0.000000   clock clk (rise edge)
                                  0.000000    0.000000   clock source latency
     1    0.013263    0.065689    0.044663    0.044663 ^ clk (in)
                      0.065692    0.000000    0.044663 ^ clkbuf_0_clk/A (sky130_fd_sc_hd__clkbuf_16)
     2    0.018071    0.040208    0.131075    0.175737 ^ clkbuf_0_clk/X (sky130_fd_sc_hd__clkbuf_16)
                      0.040219    0.000420    0.176157 ^ clkbuf_1_1__f_clk/A (sky130_fd_sc_hd__clkbuf_16)
     4    0.011501    0.034622    0.115521    0.291678 ^ clkbuf_1_1__f_clk/X (sky130_fd_sc_hd__clkbuf_16)
                      0.034622    0.000181    0.291859 ^ _43_/CLK (sky130_fd_sc_hd__dfrtp_1)
                                  0.250000    0.541859   clock uncertainty
                                  0.000000    0.541859   clock reconvergence pessimism
                                 -0.046001    0.495858   library hold time
                                              0.495858   data required time
---------------------------------------------------------------------------------------------
                                              0.495858   data required time
                                             -0.987069   data arrival time
---------------------------------------------------------------------------------------------
                                              0.491211   slack (MET)


Startpoint: _37_ (rising edge-triggered flip-flop clocked by clk)
Endpoint: _37_ (rising edge-triggered flip-flop clocked by clk)
Path Group: clk
Path Type: min

Fanout         Cap        Slew       Delay        Time   Description
---------------------------------------------------------------------------------------------
                                  0.000000    0.000000   clock clk (rise edge)
                                  0.000000    0.000000   clock source latency
     1    0.013263    0.065689    0.044663    0.044663 ^ clk (in)
                      0.065692    0.000000    0.044663 ^ clkbuf_0_clk/A (sky130_fd_sc_hd__clkbuf_16)
     2    0.018071    0.040208    0.131075    0.175737 ^ clkbuf_0_clk/X (sky130_fd_sc_hd__clkbuf_16)
                      0.040219    0.000420    0.176157 ^ clkbuf_1_1__f_clk/A (sky130_fd_sc_hd__clkbuf_16)
     4    0.011501    0.034622    0.115521    0.291678 ^ clkbuf_1_1__f_clk/X (sky130_fd_sc_hd__clkbuf_16)
                      0.034622    0.000350    0.292028 ^ _37_/CLK (sky130_fd_sc_hd__dfrtp_1)
     5    0.014282    0.135353    0.385114    0.677142 ^ _37_/Q (sky130_fd_sc_hd__dfrtp_1)
                      0.135353    0.000193    0.677335 ^ hold6/A (sky130_fd_sc_hd__dlygate4sd3_1)
     1    0.005530    0.076662    0.582128    1.259464 ^ hold6/X (sky130_fd_sc_hd__dlygate4sd3_1)
                      0.076662    0.000196    1.259660 ^ _25_/A (sky130_fd_sc_hd__xor2_1)
     1    0.003847    0.040244    0.072933    1.332593 v _25_/X (sky130_fd_sc_hd__xor2_1)
                      0.040244    0.000134    1.332726 v _37_/D (sky130_fd_sc_hd__dfrtp_1)
                                              1.332726   data arrival time

                                  0.000000    0.000000   clock clk (rise edge)
                                  0.000000    0.000000   clock source latency
     1    0.013263    0.065689    0.044663    0.044663 ^ clk (in)
                      0.065692    0.000000    0.044663 ^ clkbuf_0_clk/A (sky130_fd_sc_hd__clkbuf_16)
     2    0.018071    0.040208    0.131075    0.175737 ^ clkbuf_0_clk/X (sky130_fd_sc_hd__clkbuf_16)
                      0.040219    0.000420    0.176157 ^ clkbuf_1_1__f_clk/A (sky130_fd_sc_hd__clkbuf_16)
     4    0.011501    0.034622    0.115521    0.291678 ^ clkbuf_1_1__f_clk/X (sky130_fd_sc_hd__clkbuf_16)
                      0.034622    0.000350    0.292028 ^ _37_/CLK (sky130_fd_sc_hd__dfrtp_1)
                                  0.250000    0.542028   clock uncertainty
                                  0.000000    0.542028   clock reconvergence pessimism
                                 -0.046206    0.495822   library hold time
                                              0.495822   data required time
---------------------------------------------------------------------------------------------
                                              0.495822   data required time
                                             -1.332726   data arrival time
---------------------------------------------------------------------------------------------
                                              0.836905   slack (MET)


Startpoint: rst_n (input port clocked by clk)
Endpoint: _37_ (removal check against rising-edge clock clk)
Path Group: asynchronous
Path Type: min

Fanout         Cap        Slew       Delay        Time   Description
---------------------------------------------------------------------------------------------
                                  0.000000    0.000000   clock clk (rise edge)
                                  0.000000    0.000000   clock network delay (propagated)
                                  2.000000    2.000000 ^ input external delay
     1    0.003412    0.022384    0.012472    2.012472 ^ rst_n (in)
                      0.022384    0.000000    2.012472 ^ input2/A (sky130_fd_sc_hd__clkbuf_4)
     8    0.042465    0.134971    0.192220    2.204692 ^ input2/X (sky130_fd_sc_hd__clkbuf_4)
                      0.135070    0.002180    2.206872 ^ _37_/RESET_B (sky130_fd_sc_hd__dfrtp_1)
                                              2.206872   data arrival time

                                  0.000000    0.000000   clock clk (rise edge)
                                  0.000000    0.000000   clock source latency
     1    0.013263    0.065689    0.044663    0.044663 ^ clk (in)
                      0.065692    0.000000    0.044663 ^ clkbuf_0_clk/A (sky130_fd_sc_hd__clkbuf_16)
     2    0.018071    0.040208    0.131075    0.175737 ^ clkbuf_0_clk/X (sky130_fd_sc_hd__clkbuf_16)
                      0.040219    0.000420    0.176157 ^ clkbuf_1_1__f_clk/A (sky130_fd_sc_hd__clkbuf_16)
     4    0.011501    0.034622    0.115521    0.291678 ^ clkbuf_1_1__f_clk/X (sky130_fd_sc_hd__clkbuf_16)
                      0.034622    0.000350    0.292028 ^ _37_/CLK (sky130_fd_sc_hd__dfrtp_1)
                                  0.250000    0.542028   clock uncertainty
                                  0.000000    0.542028   clock reconvergence pessimism
                                  0.342205    0.884232   library removal time
                                              0.884232   data required time
---------------------------------------------------------------------------------------------
                                              0.884232   data required time
                                             -2.206872   data arrival time
---------------------------------------------------------------------------------------------
                                              1.322639   slack (MET)


Startpoint: rst_n (input port clocked by clk)
Endpoint: _38_ (removal check against rising-edge clock clk)
Path Group: asynchronous
Path Type: min

Fanout         Cap        Slew       Delay        Time   Description
---------------------------------------------------------------------------------------------
                                  0.000000    0.000000   clock clk (rise edge)
                                  0.000000    0.000000   clock network delay (propagated)
                                  2.000000    2.000000 ^ input external delay
     1    0.003412    0.022384    0.012472    2.012472 ^ rst_n (in)
                      0.022384    0.000000    2.012472 ^ input2/A (sky130_fd_sc_hd__clkbuf_4)
     8    0.042465    0.134971    0.192220    2.204692 ^ input2/X (sky130_fd_sc_hd__clkbuf_4)
                      0.135069    0.002162    2.206854 ^ _38_/RESET_B (sky130_fd_sc_hd__dfrtp_1)
                                              2.206854   data arrival time

                                  0.000000    0.000000   clock clk (rise edge)
                                  0.000000    0.000000   clock source latency
     1    0.013263    0.065689    0.044663    0.044663 ^ clk (in)
                      0.065692    0.000000    0.044663 ^ clkbuf_0_clk/A (sky130_fd_sc_hd__clkbuf_16)
     2    0.018071    0.040208    0.131075    0.175737 ^ clkbuf_0_clk/X (sky130_fd_sc_hd__clkbuf_16)
                      0.040218    0.000415    0.176152 ^ clkbuf_1_0__f_clk/A (sky130_fd_sc_hd__clkbuf_16)
     4    0.011392    0.034528    0.115421    0.291573 ^ clkbuf_1_0__f_clk/X (sky130_fd_sc_hd__clkbuf_16)
                      0.034528    0.000289    0.291861 ^ _38_/CLK (sky130_fd_sc_hd__dfrtp_1)
                                  0.250000    0.541861   clock uncertainty
                                  0.000000    0.541861   clock reconvergence pessimism
                                  0.342179    0.884040   library removal time
                                              0.884040   data required time
---------------------------------------------------------------------------------------------
                                              0.884040   data required time
                                             -2.206854   data arrival time
---------------------------------------------------------------------------------------------
                                              1.322814   slack (MET)


Startpoint: rst_n (input port clocked by clk)
Endpoint: _44_ (removal check against rising-edge clock clk)
Path Group: asynchronous
Path Type: min

Fanout         Cap        Slew       Delay        Time   Description
---------------------------------------------------------------------------------------------
                                  0.000000    0.000000   clock clk (rise edge)
                                  0.000000    0.000000   clock network delay (propagated)
                                  2.000000    2.000000 ^ input external delay
     1    0.003412    0.022384    0.012472    2.012472 ^ rst_n (in)
                      0.022384    0.000000    2.012472 ^ input2/A (sky130_fd_sc_hd__clkbuf_4)
     8    0.042465    0.134971    0.192220    2.204692 ^ input2/X (sky130_fd_sc_hd__clkbuf_4)
                      0.135084    0.002448    2.207139 ^ _44_/RESET_B (sky130_fd_sc_hd__dfrtp_1)
                                              2.207139   data arrival time

                                  0.000000    0.000000   clock clk (rise edge)
                                  0.000000    0.000000   clock source latency
     1    0.013263    0.065689    0.044663    0.044663 ^ clk (in)
                      0.065692    0.000000    0.044663 ^ clkbuf_0_clk/A (sky130_fd_sc_hd__clkbuf_16)
     2    0.018071    0.040208    0.131075    0.175737 ^ clkbuf_0_clk/X (sky130_fd_sc_hd__clkbuf_16)
                      0.040219    0.000420    0.176157 ^ clkbuf_1_1__f_clk/A (sky130_fd_sc_hd__clkbuf_16)
     4    0.011501    0.034622    0.115521    0.291678 ^ clkbuf_1_1__f_clk/X (sky130_fd_sc_hd__clkbuf_16)
                      0.034622    0.000353    0.292031 ^ _44_/CLK (sky130_fd_sc_hd__dfrtp_1)
                                  0.250000    0.542031   clock uncertainty
                                  0.000000    0.542031   clock reconvergence pessimism
                                  0.342208    0.884240   library removal time
                                              0.884240   data required time
---------------------------------------------------------------------------------------------
                                              0.884240   data required time
                                             -2.207139   data arrival time
---------------------------------------------------------------------------------------------
                                              1.322900   slack (MET)


Startpoint: rst_n (input port clocked by clk)
Endpoint: _42_ (removal check against rising-edge clock clk)
Path Group: asynchronous
Path Type: min

Fanout         Cap        Slew       Delay        Time   Description
---------------------------------------------------------------------------------------------
                                  0.000000    0.000000   clock clk (rise edge)
                                  0.000000    0.000000   clock network delay (propagated)
                                  2.000000    2.000000 ^ input external delay
     1    0.003412    0.022384    0.012472    2.012472 ^ rst_n (in)
                      0.022384    0.000000    2.012472 ^ input2/A (sky130_fd_sc_hd__clkbuf_4)
     8    0.042465    0.134971    0.192220    2.204692 ^ input2/X (sky130_fd_sc_hd__clkbuf_4)
                      0.135093    0.002615    2.207306 ^ _42_/RESET_B (sky130_fd_sc_hd__dfrtp_1)
                                              2.207306   data arrival time

                                  0.000000    0.000000   clock clk (rise edge)
                                  0.000000    0.000000   clock source latency
     1    0.013263    0.065689    0.044663    0.044663 ^ clk (in)
                      0.065692    0.000000    0.044663 ^ clkbuf_0_clk/A (sky130_fd_sc_hd__clkbuf_16)
     2    0.018071    0.040208    0.131075    0.175737 ^ clkbuf_0_clk/X (sky130_fd_sc_hd__clkbuf_16)
                      0.040219    0.000420    0.176157 ^ clkbuf_1_1__f_clk/A (sky130_fd_sc_hd__clkbuf_16)
     4    0.011501    0.034622    0.115521    0.291678 ^ clkbuf_1_1__f_clk/X (sky130_fd_sc_hd__clkbuf_16)
                      0.034622    0.000318    0.291996 ^ _42_/CLK (sky130_fd_sc_hd__dfrtp_1)
                                  0.250000    0.541996   clock uncertainty
                                  0.000000    0.541996   clock reconvergence pessimism
                                  0.342211    0.884207   library removal time
                                              0.884207   data required time
---------------------------------------------------------------------------------------------
                                              0.884207   data required time
                                             -2.207306   data arrival time
---------------------------------------------------------------------------------------------
                                              1.323099   slack (MET)


Startpoint: rst_n (input port clocked by clk)
Endpoint: _39_ (removal check against rising-edge clock clk)
Path Group: asynchronous
Path Type: min

Fanout         Cap        Slew       Delay        Time   Description
---------------------------------------------------------------------------------------------
                                  0.000000    0.000000   clock clk (rise edge)
                                  0.000000    0.000000   clock network delay (propagated)
                                  2.000000    2.000000 ^ input external delay
     1    0.003412    0.022384    0.012472    2.012472 ^ rst_n (in)
                      0.022384    0.000000    2.012472 ^ input2/A (sky130_fd_sc_hd__clkbuf_4)
     8    0.042465    0.134971    0.192220    2.204692 ^ input2/X (sky130_fd_sc_hd__clkbuf_4)
                      0.135085    0.002469    2.207161 ^ _39_/RESET_B (sky130_fd_sc_hd__dfrtp_1)
                                              2.207161   data arrival time

                                  0.000000    0.000000   clock clk (rise edge)
                                  0.000000    0.000000   clock source latency
     1    0.013263    0.065689    0.044663    0.044663 ^ clk (in)
                      0.065692    0.000000    0.044663 ^ clkbuf_0_clk/A (sky130_fd_sc_hd__clkbuf_16)
     2    0.018071    0.040208    0.131075    0.175737 ^ clkbuf_0_clk/X (sky130_fd_sc_hd__clkbuf_16)
                      0.040218    0.000415    0.176152 ^ clkbuf_1_0__f_clk/A (sky130_fd_sc_hd__clkbuf_16)
     4    0.011392    0.034528    0.115421    0.291573 ^ clkbuf_1_0__f_clk/X (sky130_fd_sc_hd__clkbuf_16)
                      0.034528    0.000289    0.291861 ^ _39_/CLK (sky130_fd_sc_hd__dfrtp_1)
                                  0.250000    0.541861   clock uncertainty
                                  0.000000    0.541861   clock reconvergence pessimism
                                  0.342183    0.884044   library removal time
                                              0.884044   data required time
---------------------------------------------------------------------------------------------
                                              0.884044   data required time
                                             -2.207161   data arrival time
---------------------------------------------------------------------------------------------
                                              1.323116   slack (MET)


Startpoint: rst_n (input port clocked by clk)
Endpoint: _43_ (removal check against rising-edge clock clk)
Path Group: asynchronous
Path Type: min

Fanout         Cap        Slew       Delay        Time   Description
---------------------------------------------------------------------------------------------
                                  0.000000    0.000000   clock clk (rise edge)
                                  0.000000    0.000000   clock network delay (propagated)
                                  2.000000    2.000000 ^ input external delay
     1    0.003412    0.022384    0.012472    2.012472 ^ rst_n (in)
                      0.022384    0.000000    2.012472 ^ input2/A (sky130_fd_sc_hd__clkbuf_4)
     8    0.042465    0.134971    0.192220    2.204692 ^ input2/X (sky130_fd_sc_hd__clkbuf_4)
                      0.135092    0.002591    2.207283 ^ _43_/RESET_B (sky130_fd_sc_hd__dfrtp_1)
                                              2.207283   data arrival time

                                  0.000000    0.000000   clock clk (rise edge)
                                  0.000000    0.000000   clock source latency
     1    0.013263    0.065689    0.044663    0.044663 ^ clk (in)
                      0.065692    0.000000    0.044663 ^ clkbuf_0_clk/A (sky130_fd_sc_hd__clkbuf_16)
     2    0.018071    0.040208    0.131075    0.175737 ^ clkbuf_0_clk/X (sky130_fd_sc_hd__clkbuf_16)
                      0.040219    0.000420    0.176157 ^ clkbuf_1_1__f_clk/A (sky130_fd_sc_hd__clkbuf_16)
     4    0.011501    0.034622    0.115521    0.291678 ^ clkbuf_1_1__f_clk/X (sky130_fd_sc_hd__clkbuf_16)
                      0.034622    0.000181    0.291859 ^ _43_/CLK (sky130_fd_sc_hd__dfrtp_1)
                                  0.250000    0.541859   clock uncertainty
                                  0.000000    0.541859   clock reconvergence pessimism
                                  0.342211    0.884070   library removal time
                                              0.884070   data required time
---------------------------------------------------------------------------------------------
                                              0.884070   data required time
                                             -2.207283   data arrival time
---------------------------------------------------------------------------------------------
                                              1.323213   slack (MET)


Startpoint: rst_n (input port clocked by clk)
Endpoint: _40_ (removal check against rising-edge clock clk)
Path Group: asynchronous
Path Type: min

Fanout         Cap        Slew       Delay        Time   Description
---------------------------------------------------------------------------------------------
                                  0.000000    0.000000   clock clk (rise edge)
                                  0.000000    0.000000   clock network delay (propagated)
                                  2.000000    2.000000 ^ input external delay
     1    0.003412    0.022384    0.012472    2.012472 ^ rst_n (in)
                      0.022384    0.000000    2.012472 ^ input2/A (sky130_fd_sc_hd__clkbuf_4)
     8    0.042465    0.134971    0.192220    2.204692 ^ input2/X (sky130_fd_sc_hd__clkbuf_4)
                      0.135092    0.002582    2.207273 ^ _40_/RESET_B (sky130_fd_sc_hd__dfrtp_1)
                                              2.207273   data arrival time

                                  0.000000    0.000000   clock clk (rise edge)
                                  0.000000    0.000000   clock source latency
     1    0.013263    0.065689    0.044663    0.044663 ^ clk (in)
                      0.065692    0.000000    0.044663 ^ clkbuf_0_clk/A (sky130_fd_sc_hd__clkbuf_16)
     2    0.018071    0.040208    0.131075    0.175737 ^ clkbuf_0_clk/X (sky130_fd_sc_hd__clkbuf_16)
                      0.040218    0.000415    0.176152 ^ clkbuf_1_0__f_clk/A (sky130_fd_sc_hd__clkbuf_16)
     4    0.011392    0.034528    0.115421    0.291573 ^ clkbuf_1_0__f_clk/X (sky130_fd_sc_hd__clkbuf_16)
                      0.034528    0.000283    0.291856 ^ _40_/CLK (sky130_fd_sc_hd__dfrtp_1)
                                  0.250000    0.541856   clock uncertainty
                                  0.000000    0.541856   clock reconvergence pessimism
                                  0.342185    0.884041   library removal time
                                              0.884041   data required time
---------------------------------------------------------------------------------------------
                                              0.884041   data required time
                                             -2.207273   data arrival time
---------------------------------------------------------------------------------------------
                                              1.323233   slack (MET)


Startpoint: rst_n (input port clocked by clk)
Endpoint: _41_ (removal check against rising-edge clock clk)
Path Group: asynchronous
Path Type: min

Fanout         Cap        Slew       Delay        Time   Description
---------------------------------------------------------------------------------------------
                                  0.000000    0.000000   clock clk (rise edge)
                                  0.000000    0.000000   clock network delay (propagated)
                                  2.000000    2.000000 ^ input external delay
     1    0.003412    0.022384    0.012472    2.012472 ^ rst_n (in)
                      0.022384    0.000000    2.012472 ^ input2/A (sky130_fd_sc_hd__clkbuf_4)
     8    0.042465    0.134971    0.192220    2.204692 ^ input2/X (sky130_fd_sc_hd__clkbuf_4)
                      0.135097    0.002673    2.207365 ^ _41_/RESET_B (sky130_fd_sc_hd__dfrtp_1)
                                              2.207365   data arrival time

                                  0.000000    0.000000   clock clk (rise edge)
                                  0.000000    0.000000   clock source latency
     1    0.013263    0.065689    0.044663    0.044663 ^ clk (in)
                      0.065692    0.000000    0.044663 ^ clkbuf_0_clk/A (sky130_fd_sc_hd__clkbuf_16)
     2    0.018071    0.040208    0.131075    0.175737 ^ clkbuf_0_clk/X (sky130_fd_sc_hd__clkbuf_16)
                      0.040218    0.000415    0.176152 ^ clkbuf_1_0__f_clk/A (sky130_fd_sc_hd__clkbuf_16)
     4    0.011392    0.034528    0.115421    0.291573 ^ clkbuf_1_0__f_clk/X (sky130_fd_sc_hd__clkbuf_16)
                      0.034528    0.000269    0.291842 ^ _41_/CLK (sky130_fd_sc_hd__dfrtp_1)
                                  0.250000    0.541842   clock uncertainty
                                  0.000000    0.541842   clock reconvergence pessimism
                                  0.342186    0.884028   library removal time
                                              0.884028   data required time
---------------------------------------------------------------------------------------------
                                              0.884028   data required time
                                             -2.207365   data arrival time
---------------------------------------------------------------------------------------------
                                              1.323336   slack (MET)


Startpoint: _44_ (rising edge-triggered flip-flop clocked by clk)
Endpoint: count[7] (output port clocked by clk)
Path Group: clk
Path Type: min

Fanout         Cap        Slew       Delay        Time   Description
---------------------------------------------------------------------------------------------
                                  0.000000    0.000000   clock clk (rise edge)
                                  0.000000    0.000000   clock source latency
     1    0.013263    0.065689    0.044663    0.044663 ^ clk (in)
                      0.065692    0.000000    0.044663 ^ clkbuf_0_clk/A (sky130_fd_sc_hd__clkbuf_16)
     2    0.018071    0.040208    0.131075    0.175737 ^ clkbuf_0_clk/X (sky130_fd_sc_hd__clkbuf_16)
                      0.040219    0.000420    0.176157 ^ clkbuf_1_1__f_clk/A (sky130_fd_sc_hd__clkbuf_16)
     4    0.011501    0.034622    0.115521    0.291678 ^ clkbuf_1_1__f_clk/X (sky130_fd_sc_hd__clkbuf_16)
                      0.034622    0.000353    0.292031 ^ _44_/CLK (sky130_fd_sc_hd__dfrtp_1)
     3    0.008972    0.092370    0.352742    0.644774 ^ _44_/Q (sky130_fd_sc_hd__dfrtp_1)
                      0.092370    0.000186    0.644960 ^ output10/A (sky130_fd_sc_hd__buf_2)
     1    0.034625    0.172133    0.216564    0.861524 ^ output10/X (sky130_fd_sc_hd__buf_2)
                      0.172135    0.000886    0.862410 ^ count[7] (out)
                                              0.862410   data arrival time

                                  0.000000    0.000000   clock clk (rise edge)
                                  0.000000    0.000000   clock network delay (propagated)
                                  0.250000    0.250000   clock uncertainty
                                  0.000000    0.250000   clock reconvergence pessimism
                                 -2.000000   -1.750000   output external delay
                                             -1.750000   data required time
---------------------------------------------------------------------------------------------
                                             -1.750000   data required time
                                             -0.862410   data arrival time
---------------------------------------------------------------------------------------------
                                              2.612410   slack (MET)


Startpoint: _43_ (rising edge-triggered flip-flop clocked by clk)
Endpoint: count[6] (output port clocked by clk)
Path Group: clk
Path Type: min

Fanout         Cap        Slew       Delay        Time   Description
---------------------------------------------------------------------------------------------
                                  0.000000    0.000000   clock clk (rise edge)
                                  0.000000    0.000000   clock source latency
     1    0.013263    0.065689    0.044663    0.044663 ^ clk (in)
                      0.065692    0.000000    0.044663 ^ clkbuf_0_clk/A (sky130_fd_sc_hd__clkbuf_16)
     2    0.018071    0.040208    0.131075    0.175737 ^ clkbuf_0_clk/X (sky130_fd_sc_hd__clkbuf_16)
                      0.040219    0.000420    0.176157 ^ clkbuf_1_1__f_clk/A (sky130_fd_sc_hd__clkbuf_16)
     4    0.011501    0.034622    0.115521    0.291678 ^ clkbuf_1_1__f_clk/X (sky130_fd_sc_hd__clkbuf_16)
                      0.034622    0.000181    0.291859 ^ _43_/CLK (sky130_fd_sc_hd__dfrtp_1)
     3    0.009250    0.067647    0.384691    0.676550 v _43_/Q (sky130_fd_sc_hd__dfrtp_1)
                      0.067647    0.000186    0.676735 v output9/A (sky130_fd_sc_hd__buf_2)
     1    0.034763    0.090661    0.190903    0.867638 v output9/X (sky130_fd_sc_hd__buf_2)
                      0.090670    0.000942    0.868580 v count[6] (out)
                                              0.868580   data arrival time

                                  0.000000    0.000000   clock clk (rise edge)
                                  0.000000    0.000000   clock network delay (propagated)
                                  0.250000    0.250000   clock uncertainty
                                  0.000000    0.250000   clock reconvergence pessimism
                                 -2.000000   -1.750000   output external delay
                                             -1.750000   data required time
---------------------------------------------------------------------------------------------
                                             -1.750000   data required time
                                             -0.868580   data arrival time
---------------------------------------------------------------------------------------------
                                              2.618580   slack (MET)


Startpoint: _42_ (rising edge-triggered flip-flop clocked by clk)
Endpoint: count[5] (output port clocked by clk)
Path Group: clk
Path Type: min

Fanout         Cap        Slew       Delay        Time   Description
---------------------------------------------------------------------------------------------
                                  0.000000    0.000000   clock clk (rise edge)
                                  0.000000    0.000000   clock source latency
     1    0.013263    0.065689    0.044663    0.044663 ^ clk (in)
                      0.065692    0.000000    0.044663 ^ clkbuf_0_clk/A (sky130_fd_sc_hd__clkbuf_16)
     2    0.018071    0.040208    0.131075    0.175737 ^ clkbuf_0_clk/X (sky130_fd_sc_hd__clkbuf_16)
                      0.040219    0.000420    0.176157 ^ clkbuf_1_1__f_clk/A (sky130_fd_sc_hd__clkbuf_16)
     4    0.011501    0.034622    0.115521    0.291678 ^ clkbuf_1_1__f_clk/X (sky130_fd_sc_hd__clkbuf_16)
                      0.034622    0.000318    0.291996 ^ _42_/CLK (sky130_fd_sc_hd__dfrtp_1)
     3    0.009997    0.070777    0.387842    0.679839 v _42_/Q (sky130_fd_sc_hd__dfrtp_1)
                      0.070777    0.000204    0.680043 v output8/A (sky130_fd_sc_hd__buf_2)
     1    0.033814    0.088594    0.190618    0.870661 v output8/X (sky130_fd_sc_hd__buf_2)
                      0.088602    0.000860    0.871521 v count[5] (out)
                                              0.871521   data arrival time

                                  0.000000    0.000000   clock clk (rise edge)
                                  0.000000    0.000000   clock network delay (propagated)
                                  0.250000    0.250000   clock uncertainty
                                  0.000000    0.250000   clock reconvergence pessimism
                                 -2.000000   -1.750000   output external delay
                                             -1.750000   data required time
---------------------------------------------------------------------------------------------
                                             -1.750000   data required time
                                             -0.871521   data arrival time
---------------------------------------------------------------------------------------------
                                              2.621521   slack (MET)


Startpoint: _39_ (rising edge-triggered flip-flop clocked by clk)
Endpoint: count[2] (output port clocked by clk)
Path Group: clk
Path Type: min

Fanout         Cap        Slew       Delay        Time   Description
---------------------------------------------------------------------------------------------
                                  0.000000    0.000000   clock clk (rise edge)
                                  0.000000    0.000000   clock source latency
     1    0.013263    0.065689    0.044663    0.044663 ^ clk (in)
                      0.065692    0.000000    0.044663 ^ clkbuf_0_clk/A (sky130_fd_sc_hd__clkbuf_16)
     2    0.018071    0.040208    0.131075    0.175737 ^ clkbuf_0_clk/X (sky130_fd_sc_hd__clkbuf_16)
                      0.040218    0.000415    0.176152 ^ clkbuf_1_0__f_clk/A (sky130_fd_sc_hd__clkbuf_16)
     4    0.011392    0.034528    0.115421    0.291573 ^ clkbuf_1_0__f_clk/X (sky130_fd_sc_hd__clkbuf_16)
                      0.034528    0.000289    0.291861 ^ _39_/CLK (sky130_fd_sc_hd__dfrtp_1)
     3    0.009478    0.068540    0.385723    0.677585 v _39_/Q (sky130_fd_sc_hd__dfrtp_1)
                      0.068540    0.000227    0.677812 v output5/A (sky130_fd_sc_hd__buf_2)
     1    0.035568    0.092442    0.192717    0.870528 v output5/X (sky130_fd_sc_hd__buf_2)
                      0.092454    0.001060    0.871588 v count[2] (out)
                                              0.871588   data arrival time

                                  0.000000    0.000000   clock clk (rise edge)
                                  0.000000    0.000000   clock network delay (propagated)
                                  0.250000    0.250000   clock uncertainty
                                  0.000000    0.250000   clock reconvergence pessimism
                                 -2.000000   -1.750000   output external delay
                                             -1.750000   data required time
---------------------------------------------------------------------------------------------
                                             -1.750000   data required time
                                             -0.871588   data arrival time
---------------------------------------------------------------------------------------------
                                              2.621588   slack (MET)


Startpoint: _41_ (rising edge-triggered flip-flop clocked by clk)
Endpoint: count[4] (output port clocked by clk)
Path Group: clk
Path Type: min

Fanout         Cap        Slew       Delay        Time   Description
---------------------------------------------------------------------------------------------
                                  0.000000    0.000000   clock clk (rise edge)
                                  0.000000    0.000000   clock source latency
     1    0.013263    0.065689    0.044663    0.044663 ^ clk (in)
                      0.065692    0.000000    0.044663 ^ clkbuf_0_clk/A (sky130_fd_sc_hd__clkbuf_16)
     2    0.018071    0.040208    0.131075    0.175737 ^ clkbuf_0_clk/X (sky130_fd_sc_hd__clkbuf_16)
                      0.040218    0.000415    0.176152 ^ clkbuf_1_0__f_clk/A (sky130_fd_sc_hd__clkbuf_16)
     4    0.011392    0.034528    0.115421    0.291573 ^ clkbuf_1_0__f_clk/X (sky130_fd_sc_hd__clkbuf_16)
                      0.034528    0.000269    0.291842 ^ _41_/CLK (sky130_fd_sc_hd__dfrtp_1)
     4    0.011627    0.077729    0.394387    0.686229 v _41_/Q (sky130_fd_sc_hd__dfrtp_1)
                      0.077730    0.000337    0.686567 v output7/A (sky130_fd_sc_hd__buf_2)
     1    0.035235    0.091775    0.196203    0.882770 v output7/X (sky130_fd_sc_hd__buf_2)
                      0.091791    0.001159    0.883928 v count[4] (out)
                                              0.883928   data arrival time

                                  0.000000    0.000000   clock clk (rise edge)
                                  0.000000    0.000000   clock network delay (propagated)
                                  0.250000    0.250000   clock uncertainty
                                  0.000000    0.250000   clock reconvergence pessimism
                                 -2.000000   -1.750000   output external delay
                                             -1.750000   data required time
---------------------------------------------------------------------------------------------
                                             -1.750000   data required time
                                             -0.883928   data arrival time
---------------------------------------------------------------------------------------------
                                              2.633929   slack (MET)


Startpoint: _38_ (rising edge-triggered flip-flop clocked by clk)
Endpoint: count[1] (output port clocked by clk)
Path Group: clk
Path Type: min

Fanout         Cap        Slew       Delay        Time   Description
---------------------------------------------------------------------------------------------
                                  0.000000    0.000000   clock clk (rise edge)
                                  0.000000    0.000000   clock source latency
     1    0.013263    0.065689    0.044663    0.044663 ^ clk (in)
                      0.065692    0.000000    0.044663 ^ clkbuf_0_clk/A (sky130_fd_sc_hd__clkbuf_16)
     2    0.018071    0.040208    0.131075    0.175737 ^ clkbuf_0_clk/X (sky130_fd_sc_hd__clkbuf_16)
                      0.040218    0.000415    0.176152 ^ clkbuf_1_0__f_clk/A (sky130_fd_sc_hd__clkbuf_16)
     4    0.011392    0.034528    0.115421    0.291573 ^ clkbuf_1_0__f_clk/X (sky130_fd_sc_hd__clkbuf_16)
                      0.034528    0.000289    0.291861 ^ _38_/CLK (sky130_fd_sc_hd__dfrtp_1)
     4    0.012600    0.081984    0.398237    0.690098 v _38_/Q (sky130_fd_sc_hd__dfrtp_1)
                      0.081986    0.000510    0.690609 v output4/A (sky130_fd_sc_hd__buf_2)
     1    0.035545    0.092403    0.198800    0.889409 v output4/X (sky130_fd_sc_hd__buf_2)
                      0.092416    0.001049    0.890457 v count[1] (out)
                                              0.890457   data arrival time

                                  0.000000    0.000000   clock clk (rise edge)
                                  0.000000    0.000000   clock network delay (propagated)
                                  0.250000    0.250000   clock uncertainty
                                  0.000000    0.250000   clock reconvergence pessimism
                                 -2.000000   -1.750000   output external delay
                                             -1.750000   data required time
---------------------------------------------------------------------------------------------
                                             -1.750000   data required time
                                             -0.890457   data arrival time
---------------------------------------------------------------------------------------------
                                              2.640457   slack (MET)


Startpoint: _37_ (rising edge-triggered flip-flop clocked by clk)
Endpoint: count[0] (output port clocked by clk)
Path Group: clk
Path Type: min

Fanout         Cap        Slew       Delay        Time   Description
---------------------------------------------------------------------------------------------
                                  0.000000    0.000000   clock clk (rise edge)
                                  0.000000    0.000000   clock source latency
     1    0.013263    0.065689    0.044663    0.044663 ^ clk (in)
                      0.065692    0.000000    0.044663 ^ clkbuf_0_clk/A (sky130_fd_sc_hd__clkbuf_16)
     2    0.018071    0.040208    0.131075    0.175737 ^ clkbuf_0_clk/X (sky130_fd_sc_hd__clkbuf_16)
                      0.040219    0.000420    0.176157 ^ clkbuf_1_1__f_clk/A (sky130_fd_sc_hd__clkbuf_16)
     4    0.011501    0.034622    0.115521    0.291678 ^ clkbuf_1_1__f_clk/X (sky130_fd_sc_hd__clkbuf_16)
                      0.034622    0.000350    0.292028 ^ _37_/CLK (sky130_fd_sc_hd__dfrtp_1)
     5    0.013713    0.086830    0.402812    0.694840 v _37_/Q (sky130_fd_sc_hd__dfrtp_1)
                      0.086831    0.000412    0.695252 v output3/A (sky130_fd_sc_hd__buf_2)
     1    0.034517    0.090130    0.199215    0.894467 v output3/X (sky130_fd_sc_hd__buf_2)
                      0.090139    0.000886    0.895353 v count[0] (out)
                                              0.895353   data arrival time

                                  0.000000    0.000000   clock clk (rise edge)
                                  0.000000    0.000000   clock network delay (propagated)
                                  0.250000    0.250000   clock uncertainty
                                  0.000000    0.250000   clock reconvergence pessimism
                                 -2.000000   -1.750000   output external delay
                                             -1.750000   data required time
---------------------------------------------------------------------------------------------
                                             -1.750000   data required time
                                             -0.895353   data arrival time
---------------------------------------------------------------------------------------------
                                              2.645352   slack (MET)


Startpoint: _40_ (rising edge-triggered flip-flop clocked by clk)
Endpoint: count[3] (output port clocked by clk)
Path Group: clk
Path Type: min

Fanout         Cap        Slew       Delay        Time   Description
---------------------------------------------------------------------------------------------
                                  0.000000    0.000000   clock clk (rise edge)
                                  0.000000    0.000000   clock source latency
     1    0.013263    0.065689    0.044663    0.044663 ^ clk (in)
                      0.065692    0.000000    0.044663 ^ clkbuf_0_clk/A (sky130_fd_sc_hd__clkbuf_16)
     2    0.018071    0.040208    0.131075    0.175737 ^ clkbuf_0_clk/X (sky130_fd_sc_hd__clkbuf_16)
                      0.040218    0.000415    0.176152 ^ clkbuf_1_0__f_clk/A (sky130_fd_sc_hd__clkbuf_16)
     4    0.011392    0.034528    0.115421    0.291573 ^ clkbuf_1_0__f_clk/X (sky130_fd_sc_hd__clkbuf_16)
                      0.034528    0.000283    0.291856 ^ _40_/CLK (sky130_fd_sc_hd__dfrtp_1)
     6    0.017359    0.103081    0.417451    0.709307 v _40_/Q (sky130_fd_sc_hd__dfrtp_1)
                      0.103081    0.000303    0.709609 v output6/A (sky130_fd_sc_hd__buf_2)
     1    0.035429    0.092165    0.208211    0.917820 v output6/X (sky130_fd_sc_hd__buf_2)
                      0.092176    0.001012    0.918832 v count[3] (out)
                                              0.918832   data arrival time

                                  0.000000    0.000000   clock clk (rise edge)
                                  0.000000    0.000000   clock network delay (propagated)
                                  0.250000    0.250000   clock uncertainty
                                  0.000000    0.250000   clock reconvergence pessimism
                                 -2.000000   -1.750000   output external delay
                                             -1.750000   data required time
---------------------------------------------------------------------------------------------
                                             -1.750000   data required time
                                             -0.918832   data arrival time
---------------------------------------------------------------------------------------------
                                              2.668832   slack (MET)


Startpoint: _44_ (rising edge-triggered flip-flop clocked by clk)
Endpoint: overflow (output port clocked by clk)
Path Group: clk
Path Type: min

Fanout         Cap        Slew       Delay        Time   Description
---------------------------------------------------------------------------------------------
                                  0.000000    0.000000   clock clk (rise edge)
                                  0.000000    0.000000   clock source latency
     1    0.013263    0.065689    0.044663    0.044663 ^ clk (in)
                      0.065692    0.000000    0.044663 ^ clkbuf_0_clk/A (sky130_fd_sc_hd__clkbuf_16)
     2    0.018071    0.040208    0.131075    0.175737 ^ clkbuf_0_clk/X (sky130_fd_sc_hd__clkbuf_16)
                      0.040219    0.000420    0.176157 ^ clkbuf_1_1__f_clk/A (sky130_fd_sc_hd__clkbuf_16)
     4    0.011501    0.034622    0.115521    0.291678 ^ clkbuf_1_1__f_clk/X (sky130_fd_sc_hd__clkbuf_16)
                      0.034622    0.000353    0.292031 ^ _44_/CLK (sky130_fd_sc_hd__dfrtp_1)
     3    0.008972    0.092370    0.352742    0.644774 ^ _44_/Q (sky130_fd_sc_hd__dfrtp_1)
                      0.092370    0.000184    0.644957 ^ _24_/A (sky130_fd_sc_hd__and2_1)
     1    0.005109    0.065867    0.142336    0.787293 ^ _24_/X (sky130_fd_sc_hd__and2_1)
                      0.065867    0.000207    0.787501 ^ output11/A (sky130_fd_sc_hd__buf_2)
     1    0.033815    0.168201    0.204120    0.991620 ^ output11/X (sky130_fd_sc_hd__buf_2)
                      0.168203    0.000869    0.992489 ^ overflow (out)
                                              0.992489   data arrival time

                                  0.000000    0.000000   clock clk (rise edge)
                                  0.000000    0.000000   clock network delay (propagated)
                                  0.250000    0.250000   clock uncertainty
                                  0.000000    0.250000   clock reconvergence pessimism
                                 -2.000000   -1.750000   output external delay
                                             -1.750000   data required time
---------------------------------------------------------------------------------------------
                                             -1.750000   data required time
                                             -0.992489   data arrival time
---------------------------------------------------------------------------------------------
                                              2.742489   slack (MET)



